******************************************************************************
             TMS320C2000 Linker PC v22.6.1                     
******************************************************************************
>> Linked Fri May 10 14:05:50 2024

OUTPUT FILE NAME:   <driverlib_cc_f28004x.out>
ENTRY POINT SYMBOL: "code_start"  address: 00000000


MEMORY CONFIGURATION

         name            origin    length      used     unused   attr    fill
----------------------  --------  ---------  --------  --------  ----  --------
PAGE 0:
  BEGIN                 00000000   00000002  00000002  00000000  RWIX
  RAMM0                 000000f6   0000030a  00000022  000002e8  RWIX
  RAMLS0                00008000   00000800  000007ff  00000001  RWIX
  RAMLS1                00008800   00000800  000007fb  00000005  RWIX
  RAMLS2                00009000   00000800  00000676  0000018a  RWIX
  RAMLS3                00009800   00000800  00000000  00000800  RWIX
  RAMLS4                0000a000   00000800  00000000  00000800  RWIX
  FLASH_BANK0_SEC0      00080000   00001000  00000000  00001000  RWIX
  FLASH_BANK0_SEC1      00081000   00001000  00000000  00001000  RWIX
  FLASH_BANK0_SEC2      00082000   00001000  00000000  00001000  RWIX
  FLASH_BANK0_SEC3      00083000   00001000  00000000  00001000  RWIX
  FLASH_BANK0_SEC4      00084000   00001000  00000000  00001000  RWIX
  FLASH_BANK0_SEC5      00085000   00001000  00000000  00001000  RWIX
  FLASH_BANK0_SEC6      00086000   00001000  00000000  00001000  RWIX
  FLASH_BANK0_SEC7      00087000   00001000  00000000  00001000  RWIX
  FLASH_BANK0_SEC8      00088000   00001000  00000000  00001000  RWIX
  FLASH_BANK0_SEC9      00089000   00001000  00000000  00001000  RWIX
  FLASH_BANK0_SEC10     0008a000   00001000  00000000  00001000  RWIX
  FLASH_BANK0_SEC11     0008b000   00001000  00000000  00001000  RWIX
  FLASH_BANK0_SEC12     0008c000   00001000  00000000  00001000  RWIX
  FLASH_BANK0_SEC13     0008d000   00001000  00000000  00001000  RWIX
  FLASH_BANK0_SEC14     0008e000   00001000  00000000  00001000  RWIX
  FLASH_BANK0_SEC15     0008f000   00001000  00000000  00001000  RWIX
  FLASH_BANK1_SEC0      00090000   00001000  00000000  00001000  RWIX
  FLASH_BANK1_SEC1      00091000   00001000  00000000  00001000  RWIX
  FLASH_BANK1_SEC2      00092000   00001000  00000000  00001000  RWIX
  FLASH_BANK1_SEC3      00093000   00001000  00000000  00001000  RWIX
  FLASH_BANK1_SEC4      00094000   00001000  00000000  00001000  RWIX
  FLASH_BANK1_SEC5      00095000   00001000  00000000  00001000  RWIX
  FLASH_BANK1_SEC6      00096000   00001000  00000000  00001000  RWIX
  FLASH_BANK1_SEC7      00097000   00001000  00000000  00001000  RWIX
  FLASH_BANK1_SEC8      00098000   00001000  00000000  00001000  RWIX
  FLASH_BANK1_SEC9      00099000   00001000  00000000  00001000  RWIX
  FLASH_BANK1_SEC10     0009a000   00001000  00000000  00001000  RWIX
  FLASH_BANK1_SEC11     0009b000   00001000  00000000  00001000  RWIX
  FLASH_BANK1_SEC12     0009c000   00001000  00000000  00001000  RWIX
  FLASH_BANK1_SEC13     0009d000   00001000  00000000  00001000  RWIX
  FLASH_BANK1_SEC14     0009e000   00001000  00000000  00001000  RWIX
  FLASH_BANK1_SEC15     0009f000   00001000  00000000  00001000  RWIX
  RESET                 003fffc0   00000002  00000000  00000002  RWIX

PAGE 1:
  BOOT_RSVD             00000002   000000f1  00000000  000000f1  RWIX
  RAMM1                 00000400   000003f8  00000100  000002f8  RWIX
  RAMLS5                0000a800   00000800  000004ce  00000332  RWIX
  RAMLS6                0000b000   00000800  00000000  00000800  RWIX
  RAMLS7                0000b800   00000800  00000000  00000800  RWIX
  RAMGS0                0000c000   00002000  00000000  00002000  RWIX
  RAMGS1                0000e000   00002000  00000000  00002000  RWIX
  RAMGS2                00010000   00002000  00000000  00002000  RWIX
  RAMGS3                00012000   00001ff8  00000000  00001ff8  RWIX


SECTION ALLOCATION MAP

 output                                  attributes/
section   page    origin      length       input sections
--------  ----  ----------  ----------   ----------------
codestart 
*          0    00000000    00000002     
                  00000000    00000002     f28004x_codestartbranch.obj (codestart)

.TI.ramfunc 
*          0    000000f6    00000004     
                  000000f6    00000004     driverlib_eabi.lib : sysctl.obj (.TI.ramfunc)

.cinit     0    000000fa    0000001e     
                  000000fa    0000000c     (.cinit..data.load) [load image, compression = lzss]
                  00000106    00000006     (__TI_handler_table)
                  0000010c    00000004     (.cinit..bss.load) [load image, compression = zero_init]
                  00000110    00000008     (__TI_cinit_table)

.reset     0    003fffc0    00000000     DSECT

.stack     1    00000400    00000100     UNINITIALIZED
                  00000400    00000100     --HOLE--

.bss       1    0000acc2    0000000d     UNINITIALIZED
                  0000acc2    00000006     lab_main.obj (.bss:rxBuffer)
                  0000acc8    00000005     lab_main.obj (.bss:I2C_data_buf)
                  0000accd    00000002     lab_main.obj (.bss)

.init_array 
*          0    000000f6    00000000     UNINITIALIZED

.const     1    0000a800    000004ab     
                  0000a800    00000113     board.obj (.const:.string)
                  0000a913    00000001     --HOLE-- [fill = 0]
                  0000a914    0000009a     driverlib_eabi.lib : sysctl.obj (.const:.string)
                  0000a9ae    00000098                        : gpio.obj (.const:.string)
                  0000aa46    00000097                        : dcc.obj (.const:.string)
                  0000aadd    00000001     --HOLE-- [fill = 0]
                  0000aade    00000097                        : sci.obj (.const:.string)
                  0000ab75    00000001     --HOLE-- [fill = 0]
                  0000ab76    00000059     device.obj (.const:.string)
                  0000abcf    00000001     --HOLE-- [fill = 0]
                  0000abd0    0000004b     driverlib_eabi.lib : adc.obj (.const:.string)
                  0000ac1b    00000001     --HOLE-- [fill = 0]
                  0000ac1c    0000004b                        : i2c.obj (.const:.string)
                  0000ac67    00000001     --HOLE-- [fill = 0]
                  0000ac68    00000043     lab_main.obj (.const:.string)

.data      1    0000acac    00000016     UNINITIALIZED
                  0000acac    0000000c     lab_main.obj (.data)
                  0000acb8    00000006     rts2800_fpu32_eabi.lib : exit.c.obj (.data)
                  0000acbe    00000002                            : _lock.c.obj (.data:_lock)
                  0000acc0    00000002                            : _lock.c.obj (.data:_unlock)

.text.1    0    00008000    000007ff     
                  00008000    00000517     board.obj (.text)
                  00008517    0000021a     device.obj (.text)
                  00008731    000000cb     driverlib_eabi.lib : dcc.obj (.text:DCC_verifyClockFrequency)
                  000087fc    00000002     rts2800_fpu32_eabi.lib : pre_init.c.obj (.text)
                  000087fe    00000001                            : startup.c.obj (.text)

.text.2    0    00008800    000007fb     
                  00008800    000001cd     lab_main.obj (.text)
                  000089cd    000000c8     driverlib_eabi.lib : sysctl.obj (.text:SysCtl_setClock)
                  00008a95    000000bd                        : sysctl.obj (.text:SysCtl_isPLLValid)
                  00008b52    00000088     rts2800_fpu32_eabi.lib : fs_div28.asm.obj (.text)
                  00008bda    00000073     driverlib_eabi.lib : dcc.obj (.text:DCC_setCounterSeeds)
                  00008c4d    00000073                        : sysctl.obj (.text:DCC_setCounterSeeds)
                  00008cc0    00000064                        : i2c.obj (.text:I2C_initController)
                  00008d24    0000005e                        : sysctl.obj (.text:SysCtl_getClock)
                  00008d82    00000052                        : gpio.obj (.text:GPIO_setPadConfig)
                  00008dd4    0000004c                        : adc.obj (.text:ADC_setVREF)
                  00008e20    00000049                        : sysctl.obj (.text:SysCtl_selectOscSource)
                  00008e69    00000046     lab_main.obj (.text:retain)
                  00008eaf    00000045     driverlib_eabi.lib : sci.obj (.text:SCI_clearInterruptStatus)
                  00008ef4    00000045                        : sysctl.obj (.text:SysCtl_pollX1Counter)
                  00008f39    00000044                        : sci.obj (.text:SCI_enableInterrupt)
                  00008f7d    00000040                        : sysctl.obj (.text:SysCtl_selectXTAL)
                  00008fbd    0000003e                        : sci.obj (.text:SCI_setConfig)

.text.3    0    00009000    00000676     
                  00009000    0000003d     driverlib_eabi.lib : interrupt.obj (.text:Interrupt_initModule)
                  0000903d    0000003a                        : gpio.obj (.text:GPIO_setAnalogMode)
                  00009077    00000037                        : gpio.obj (.text:GPIO_setControllerCore)
                  000090ae    00000037                        : gpio.obj (.text:GPIO_setPinConfig)
                  000090e5    00000037                        : gpio.obj (.text:GPIO_setQualificationMode)
                  0000911c    00000037                        : interrupt.obj (.text:Interrupt_enable)
                  00009153    00000031                        : gpio.obj (.text:GPIO_setDirectionMode)
                  00009184    00000030     rts2800_fpu32_eabi.lib : copy_decompress_lzss.c.obj (.text:decompress:lzss)
                  000091b4    0000002b                            : autoinit.c.obj (.text:__TI_auto_init_nobinit_nopinit)
                  000091df    00000029                            : exit.c.obj (.text)
                  00009208    00000028     driverlib_eabi.lib : adc.obj (.text:ADC_setOffsetTrimAll)
                  00009230    00000025                        : sysctl.obj (.text:SysCtl_selectXTALSingleEnded)
                  00009255    00000024                        : dcc.obj (.text:DCC_enableSingleShotMode)
                  00009279    00000024                        : sysctl.obj (.text:DCC_enableSingleShotMode)
                  0000929d    00000022                        : i2c.obj (.text:I2C_clearInterruptStatus)
                  000092bf    0000001e                        : dcc.obj (.text:DCC_setCounter1ClkSource)
                  000092dd    0000001e                        : sysctl.obj (.text:DCC_setCounter1ClkSource)
                  000092fb    0000001e                        : interrupt.obj (.text:Interrupt_initVectorTable)
                  00009319    0000001d     rts2800_fpu32_eabi.lib : memcpy.c.obj (.text)
                  00009336    0000001c     driverlib_eabi.lib : dcc.obj (.text:DCC_getErrorStatus)
                  00009352    0000001c                        : dcc.obj (.text:DCC_getSingleShotStatus)
                  0000936e    0000001c                        : dcc.obj (.text:DCC_setCounter0ClkSource)
                  0000938a    0000001c                        : sysctl.obj (.text:DCC_setCounter0ClkSource)
                  000093a6    0000001a                        : sysctl.obj (.text:SysCtl_getLowSpeedClock)
                  000093c0    00000018                        : sci.obj (.text:SCI_disableModule)
                  000093d8    00000018                        : sci.obj (.text:SCI_performSoftwareReset)
                  000093f0    00000017                        : adc.obj (.text:ADC_isBaseValid)
                  00009407    00000017                        : sysctl.obj (.text:SysCtl_enablePeripheral)
                  0000941e    00000017     rts2800_fpu32_eabi.lib : boot28.asm.obj (.text)
                  00009435    00000016     driverlib_eabi.lib : dcc.obj (.text:DCC_disableDoneSignal)
                  0000944b    00000016                        : sysctl.obj (.text:DCC_disableDoneSignal)
                  00009461    00000016                        : dcc.obj (.text:DCC_enableDoneSignal)
                  00009477    00000016                        : sysctl.obj (.text:DCC_enableDoneSignal)
                  0000948d    00000016                        : interrupt.obj (.text:Interrupt_defaultHandler)
                  000094a3    00000015                        : dcc.obj (.text:DCC_clearDoneFlag)
                  000094b8    00000015                        : sysctl.obj (.text:DCC_clearDoneFlag)
                  000094cd    00000015                        : dcc.obj (.text:DCC_clearErrorFlag)
                  000094e2    00000015                        : sysctl.obj (.text:DCC_clearErrorFlag)
                  000094f7    00000015                        : dcc.obj (.text:DCC_disableErrorSignal)
                  0000950c    00000015                        : sysctl.obj (.text:DCC_disableErrorSignal)
                  00009521    00000015                        : dcc.obj (.text:DCC_enableErrorSignal)
                  00009536    00000015                        : sysctl.obj (.text:DCC_enableErrorSignal)
                  0000954b    00000014                        : dcc.obj (.text:DCC_disableModule)
                  0000955f    00000014                        : sysctl.obj (.text:DCC_disableModule)
                  00009573    00000014                        : dcc.obj (.text:DCC_enableModule)
                  00009587    00000014                        : sysctl.obj (.text:DCC_enableModule)
                  0000959b    00000014                        : gpio.obj (.text:GPIO_isPinValid)
                  000095af    00000013                        : sci.obj (.text:SCI_enableModule)
                  000095c2    00000013                        : sci.obj (.text:SCI_isBaseValid)
                  000095d5    00000010                        : dcc.obj (.text:DCC_isBaseValid)
                  000095e5    00000010                        : sysctl.obj (.text:DCC_isBaseValid)
                  000095f5    0000000f                        : i2c.obj (.text:I2C_isBaseValid)
                  00009604    0000000d                        : interrupt.obj (.text:Interrupt_disableGlobal)
                  00009611    0000000d                        : interrupt.obj (.text:Interrupt_enableGlobal)
                  0000961e    0000000d     rts2800_fpu32_eabi.lib : copy_zero_init.c.obj (.text:decompress:ZI:__TI_zero_init_nomemset)
                  0000962b    0000000c                            : args_main.c.obj (.text)
                  00009637    0000000b     driverlib_eabi.lib : sysctl.obj (.text:SysCtl_isMCDClockFailureDetected)
                  00009642    0000000a                        : interrupt.obj (.text:Interrupt_illegalOperationHandler)
                  0000964c    0000000a                        : interrupt.obj (.text:Interrupt_nmiHandler)
                  00009656    00000009     rts2800_fpu32_eabi.lib : _lock.c.obj (.text)
                  0000965f    00000008                            : copy_decompress_none.c.obj (.text:decompress:none)
                  00009667    00000008     f28004x_codestartbranch.obj (.text)
                  0000966f    00000007     driverlib_eabi.lib : sysctl.obj (.text:SysCtl_resetMCD)

MODULE SUMMARY

       Module                        code   ro data   rw data
       ------                        ----   -------   -------
    .\
       lab_main.obj                  531    67        25     
    +--+-----------------------------+------+---------+---------+
       Total:                        531    67        25     
                                                             
    .\device\
       device.obj                    538    89        0      
       f28004x_codestartbranch.obj   10     0         0      
    +--+-----------------------------+------+---------+---------+
       Total:                        548    89        0      
                                                             
    .\syscfg\
       board.obj                     1303   275       0      
    +--+-----------------------------+------+---------+---------+
       Total:                        1303   275       0      
                                                             
    C:\ti\c2000\C2000Ware_5_02_00_00\driverlib\f28004x\driverlib\ccs\Debug\driverlib_eabi.lib
       sysctl.obj                    1190   154       0      
       dcc.obj                       652    151       0      
       gpio.obj                      374    152       0      
       sci.obj                       285    151       0      
       i2c.obj                       149    75        0      
       adc.obj                       139    75        0      
       interrupt.obj                 214    0         0      
    +--+-----------------------------+------+---------+---------+
       Total:                        3003   758       0      
                                                             
    C:\ti\ccs1270\ccs\tools\compiler\ti-cgt-c2000_22.6.1.LTS\lib\rts2800_fpu32_eabi.lib
       fs_div28.asm.obj              136    0         0      
       copy_decompress_lzss.c.obj    48     0         0      
       exit.c.obj                    41     0         6      
       autoinit.c.obj                43     0         0      
       memcpy.c.obj                  29     0         0      
       boot28.asm.obj                23     0         0      
       _lock.c.obj                   9      0         4      
       copy_zero_init.c.obj          13     0         0      
       args_main.c.obj               12     0         0      
       copy_decompress_none.c.obj    8      0         0      
       pre_init.c.obj                2      0         0      
       startup.c.obj                 1      0         0      
    +--+-----------------------------+------+---------+---------+
       Total:                        365    0         10     
                                                             
       Stack:                        0      0         256    
       Linker Generated:             0      30        0      
    +--+-----------------------------+------+---------+---------+
       Grand Total:                  5750   1219      291    


LINKER GENERATED COPY TABLES

__TI_cinit_table @ 00000110 records: 2, size/record: 4, table size: 8
	.data: load addr=000000fa, load size=0000000c bytes, run addr=0000acac, run size=00000016 bytes, compression=lzss
	.bss: load addr=0000010c, load size=00000004 bytes, run addr=0000acc2, run size=0000000d bytes, compression=zero_init


LINKER GENERATED HANDLER TABLE

__TI_handler_table @ 00000106 records: 3, size/record: 2, table size: 6
	index: 0, handler: __TI_zero_init
	index: 1, handler: __TI_decompress_lzss
	index: 2, handler: __TI_decompress_none


GLOBAL DATA SYMBOLS: SORTED BY DATA PAGE

address     data page           name
--------    ----------------    ----
00000400      10 (00000400)     __stack

0000acac     2b2 (0000ac80)     I2C_data_count
0000acad     2b2 (0000ac80)     I2C_slave_address
0000acae     2b2 (0000ac80)     nack_sent_address
0000acaf     2b2 (0000ac80)     nack_sent_data
0000acb0     2b2 (0000ac80)     rxIndex
0000acb1     2b2 (0000ac80)     messageReceived
0000acb2     2b2 (0000ac80)     I2C_result
0000acb4     2b2 (0000ac80)     result
0000acb6     2b2 (0000ac80)     ack_wait_cycles
0000acb8     2b2 (0000ac80)     __TI_enable_exit_profile_output
0000acba     2b2 (0000ac80)     __TI_cleanup_ptr
0000acbc     2b2 (0000ac80)     __TI_dtors_ptr
0000acbe     2b2 (0000ac80)     _lock

0000acc0     2b3 (0000acc0)     _unlock
0000acc2     2b3 (0000acc0)     rxBuffer
0000acc8     2b3 (0000acc0)     I2C_data_buf
0000accd     2b3 (0000acc0)     checksum
0000acce     2b3 (0000acc0)     i


GLOBAL SYMBOLS: SORTED ALPHABETICALLY BY Name 

page  address   name                             
----  -------   ----                             
0     000083fe  ADC_init                         
0     00009208  ADC_setOffsetTrimAll             
0     00008dd4  ADC_setVREF                      
0     0000844a  ASYSCTL_init                     
0     000083aa  Board_init                       
0     000091df  C$$EXIT                          
0     00008731  DCC_verifyClockFrequency         
0     00008607  Device_enableAllPeripherals      
0     000085b6  Device_init                      
0     000086e7  Device_initGPIO                  
0     000086f7  Device_verifyXTAL                
0     00008450  GPIO_init                        
0     0000903d  GPIO_setAnalogMode               
0     00009077  GPIO_setControllerCore           
0     00009153  GPIO_setDirectionMode            
0     00008d82  GPIO_setPadConfig                
0     000090ae  GPIO_setPinConfig                
0     000090e5  GPIO_setQualificationMode        
0     0000929d  I2C_clearInterruptStatus         
1     0000acc8  I2C_data_buf                     
1     0000acac  I2C_data_count                   
0     0000847d  I2C_init                         
0     00008cc0  I2C_initController               
1     0000acb2  I2C_result                       
1     0000acad  I2C_slave_address                
0     000084c4  INTERRUPT_init                   
0     00008e69  INT_myI2C0_ISR                   
0     0000948d  Interrupt_defaultHandler         
0     0000911c  Interrupt_enable                 
0     00009642  Interrupt_illegalOperationHandler
0     00009000  Interrupt_initModule             
0     000092fb  Interrupt_initVectorTable        
0     0000964c  Interrupt_nmiHandler             
0     000083bb  PinMux_init                      
0     00008eaf  SCI_clearInterruptStatus         
0     00008f39  SCI_enableInterrupt              
0     000084d1  SCI_init                         
0     00008fbd  SCI_setConfig                    
0     00008948  Send_I2C_Frame                   
0     000000f6  SysCtl_delay                     
0     00008d24  SysCtl_getClock                  
0     000093a6  SysCtl_getLowSpeedClock          
0     00008a95  SysCtl_isPLLValid                
0     00008e20  SysCtl_selectOscSource           
0     00008f7d  SysCtl_selectXTAL                
0     00009230  SysCtl_selectXTALSingleEnded     
0     000089cd  SysCtl_setClock                  
0     00000110  __TI_CINIT_Base                  
0     00000118  __TI_CINIT_Limit                 
0     00000118  __TI_CINIT_Warm                  
0     00000106  __TI_Handler_Table_Base          
0     0000010c  __TI_Handler_Table_Limit         
1     00000500  __TI_STACK_END                   
abs   00000100  __TI_STACK_SIZE                  
0     000091b4  __TI_auto_init_nobinit_nopinit   
1     0000acba  __TI_cleanup_ptr                 
0     00009184  __TI_decompress_lzss             
0     0000965f  __TI_decompress_none             
1     0000acbc  __TI_dtors_ptr                   
1     0000acb8  __TI_enable_exit_profile_output  
abs   ffffffff  __TI_pprof_out_hndl              
abs   ffffffff  __TI_prof_data_size              
abs   ffffffff  __TI_prof_data_start             
0     0000961e  __TI_zero_init_nomemset          
0     00008b52  __c28xabi_divf                   
n/a   UNDEFED   __c_args__                       
0     0000872a  __error__                        
1     00000400  __stack                          
0     0000962b  _args_main                       
0     0000941e  _c_int00                         
1     0000acbe  _lock                            
0     0000965e  _nop                             
0     0000965a  _register_lock                   
0     00009656  _register_unlock                 
0     000087fe  _system_post_cinit               
0     000087fc  _system_pre_init                 
1     0000acc0  _unlock                          
0     000091df  abort                            
1     0000acb6  ack_wait_cycles                  
1     0000accd  checksum                         
0     00000000  code_start                       
0     000091e1  exit                             
1     0000acce  i                                
0     000088ed  main                             
0     00009319  memcpy                           
1     0000acb1  messageReceived                  
0     00008401  myADC0_init                      
0     00008455  myGPIO0_init                     
0     00008469  myGPIO1_init                     
0     00008480  myI2C0_init                      
0     000084d4  mySCI0_init                      
1     0000acae  nack_sent_address                
1     0000acaf  nack_sent_data                   
1     0000acb4  result                           
1     0000acc2  rxBuffer                         
1     0000acb0  rxIndex                          
n/a   UNDEFED   sciARxHandler                    
0     0000898d  writeData                        


GLOBAL SYMBOLS: SORTED BY Symbol Address 

page  address   name                             
----  -------   ----                             
0     00000000  code_start                       
0     000000f6  SysCtl_delay                     
0     00000106  __TI_Handler_Table_Base          
0     0000010c  __TI_Handler_Table_Limit         
0     00000110  __TI_CINIT_Base                  
0     00000118  __TI_CINIT_Limit                 
0     00000118  __TI_CINIT_Warm                  
0     000083aa  Board_init                       
0     000083bb  PinMux_init                      
0     000083fe  ADC_init                         
0     00008401  myADC0_init                      
0     0000844a  ASYSCTL_init                     
0     00008450  GPIO_init                        
0     00008455  myGPIO0_init                     
0     00008469  myGPIO1_init                     
0     0000847d  I2C_init                         
0     00008480  myI2C0_init                      
0     000084c4  INTERRUPT_init                   
0     000084d1  SCI_init                         
0     000084d4  mySCI0_init                      
0     000085b6  Device_init                      
0     00008607  Device_enableAllPeripherals      
0     000086e7  Device_initGPIO                  
0     000086f7  Device_verifyXTAL                
0     0000872a  __error__                        
0     00008731  DCC_verifyClockFrequency         
0     000087fc  _system_pre_init                 
0     000087fe  _system_post_cinit               
0     000088ed  main                             
0     00008948  Send_I2C_Frame                   
0     0000898d  writeData                        
0     000089cd  SysCtl_setClock                  
0     00008a95  SysCtl_isPLLValid                
0     00008b52  __c28xabi_divf                   
0     00008cc0  I2C_initController               
0     00008d24  SysCtl_getClock                  
0     00008d82  GPIO_setPadConfig                
0     00008dd4  ADC_setVREF                      
0     00008e20  SysCtl_selectOscSource           
0     00008e69  INT_myI2C0_ISR                   
0     00008eaf  SCI_clearInterruptStatus         
0     00008f39  SCI_enableInterrupt              
0     00008f7d  SysCtl_selectXTAL                
0     00008fbd  SCI_setConfig                    
0     00009000  Interrupt_initModule             
0     0000903d  GPIO_setAnalogMode               
0     00009077  GPIO_setControllerCore           
0     000090ae  GPIO_setPinConfig                
0     000090e5  GPIO_setQualificationMode        
0     0000911c  Interrupt_enable                 
0     00009153  GPIO_setDirectionMode            
0     00009184  __TI_decompress_lzss             
0     000091b4  __TI_auto_init_nobinit_nopinit   
0     000091df  C$$EXIT                          
0     000091df  abort                            
0     000091e1  exit                             
0     00009208  ADC_setOffsetTrimAll             
0     00009230  SysCtl_selectXTALSingleEnded     
0     0000929d  I2C_clearInterruptStatus         
0     000092fb  Interrupt_initVectorTable        
0     00009319  memcpy                           
0     000093a6  SysCtl_getLowSpeedClock          
0     0000941e  _c_int00                         
0     0000948d  Interrupt_defaultHandler         
0     0000961e  __TI_zero_init_nomemset          
0     0000962b  _args_main                       
0     00009642  Interrupt_illegalOperationHandler
0     0000964c  Interrupt_nmiHandler             
0     00009656  _register_unlock                 
0     0000965a  _register_lock                   
0     0000965e  _nop                             
0     0000965f  __TI_decompress_none             
1     00000400  __stack                          
1     00000500  __TI_STACK_END                   
1     0000acac  I2C_data_count                   
1     0000acad  I2C_slave_address                
1     0000acae  nack_sent_address                
1     0000acaf  nack_sent_data                   
1     0000acb0  rxIndex                          
1     0000acb1  messageReceived                  
1     0000acb2  I2C_result                       
1     0000acb4  result                           
1     0000acb6  ack_wait_cycles                  
1     0000acb8  __TI_enable_exit_profile_output  
1     0000acba  __TI_cleanup_ptr                 
1     0000acbc  __TI_dtors_ptr                   
1     0000acbe  _lock                            
1     0000acc0  _unlock                          
1     0000acc2  rxBuffer                         
1     0000acc8  I2C_data_buf                     
1     0000accd  checksum                         
1     0000acce  i                                
abs   00000100  __TI_STACK_SIZE                  
abs   ffffffff  __TI_pprof_out_hndl              
abs   ffffffff  __TI_prof_data_size              
abs   ffffffff  __TI_prof_data_start             
n/a   UNDEFED   __c_args__                       
n/a   UNDEFED   sciARxHandler                    

[98 symbols]
