<?xml version="1.0" encoding="ISO-8859-1" ?>
<link_info>
   <banner>TMS320C2000 Linker PC v22.6.1.LTS</banner>
   <copyright>Copyright (c) 1996-2018 Texas Instruments Incorporated</copyright>
   <link_time>0x663ba34b</link_time>
   <link_errors>0x1</link_errors>
   <output_file>driverlib_cc_f28004x.out</output_file>
   <entry_point>
      <name>code_start</name>
      <address>0x80000</address>
   </entry_point>
   <input_file_list>
      <input_file id="fl-2">
         <path>.\</path>
         <kind>object</kind>
         <file>ACS712.obj</file>
         <name>ACS712.obj</name>
      </input_file>
      <input_file id="fl-3">
         <path>.\syscfg\</path>
         <kind>object</kind>
         <file>board.obj</file>
         <name>board.obj</name>
      </input_file>
      <input_file id="fl-4">
         <path>.\syscfg\</path>
         <kind>object</kind>
         <file>c2000ware_libraries.obj</file>
         <name>c2000ware_libraries.obj</name>
      </input_file>
      <input_file id="fl-5">
         <path>.\</path>
         <kind>object</kind>
         <file>interface.obj</file>
         <name>interface.obj</name>
      </input_file>
      <input_file id="fl-6">
         <path>.\</path>
         <kind>object</kind>
         <file>lab_main.obj</file>
         <name>lab_main.obj</name>
      </input_file>
      <input_file id="fl-7">
         <path>.\</path>
         <kind>object</kind>
         <file>volt_divider.obj</file>
         <name>volt_divider.obj</name>
      </input_file>
      <input_file id="fl-8">
         <path>.\device\</path>
         <kind>object</kind>
         <file>device.obj</file>
         <name>device.obj</name>
      </input_file>
      <input_file id="fl-9">
         <path>.\device\</path>
         <kind>object</kind>
         <file>f28004x_codestartbranch.obj</file>
         <name>f28004x_codestartbranch.obj</name>
      </input_file>
      <input_file id="fl-e">
         <kind>object</kind>
         <file>&lt;internal&gt;</file>
         <name>&lt;internal&gt;</name>
      </input_file>
      <input_file id="fl-12">
         <path>C:\ti\c2000\C2000Ware_5_02_00_00\driverlib\f28004x\driverlib\ccs\Debug\</path>
         <kind>archive</kind>
         <file>driverlib_eabi.lib</file>
         <name>adc.obj</name>
      </input_file>
      <input_file id="fl-13">
         <path>C:\ti\c2000\C2000Ware_5_02_00_00\driverlib\f28004x\driverlib\ccs\Debug\</path>
         <kind>archive</kind>
         <file>driverlib_eabi.lib</file>
         <name>dcc.obj</name>
      </input_file>
      <input_file id="fl-14">
         <path>C:\ti\c2000\C2000Ware_5_02_00_00\driverlib\f28004x\driverlib\ccs\Debug\</path>
         <kind>archive</kind>
         <file>driverlib_eabi.lib</file>
         <name>flash.obj</name>
      </input_file>
      <input_file id="fl-15">
         <path>C:\ti\c2000\C2000Ware_5_02_00_00\driverlib\f28004x\driverlib\ccs\Debug\</path>
         <kind>archive</kind>
         <file>driverlib_eabi.lib</file>
         <name>gpio.obj</name>
      </input_file>
      <input_file id="fl-16">
         <path>C:\ti\c2000\C2000Ware_5_02_00_00\driverlib\f28004x\driverlib\ccs\Debug\</path>
         <kind>archive</kind>
         <file>driverlib_eabi.lib</file>
         <name>i2c.obj</name>
      </input_file>
      <input_file id="fl-17">
         <path>C:\ti\c2000\C2000Ware_5_02_00_00\driverlib\f28004x\driverlib\ccs\Debug\</path>
         <kind>archive</kind>
         <file>driverlib_eabi.lib</file>
         <name>interrupt.obj</name>
      </input_file>
      <input_file id="fl-18">
         <path>C:\ti\c2000\C2000Ware_5_02_00_00\driverlib\f28004x\driverlib\ccs\Debug\</path>
         <kind>archive</kind>
         <file>driverlib_eabi.lib</file>
         <name>sci.obj</name>
      </input_file>
      <input_file id="fl-19">
         <path>C:\ti\c2000\C2000Ware_5_02_00_00\driverlib\f28004x\driverlib\ccs\Debug\</path>
         <kind>archive</kind>
         <file>driverlib_eabi.lib</file>
         <name>sysctl.obj</name>
      </input_file>
      <input_file id="fl-25">
         <path>C:\ti\ccs1270\ccs\tools\compiler\ti-cgt-c2000_22.6.1.LTS\lib\</path>
         <kind>archive</kind>
         <file>rts2800_fpu32_eabi.lib</file>
         <name>boot28.asm.obj</name>
      </input_file>
      <input_file id="fl-26">
         <path>C:\ti\ccs1270\ccs\tools\compiler\ti-cgt-c2000_22.6.1.LTS\lib\</path>
         <kind>archive</kind>
         <file>rts2800_fpu32_eabi.lib</file>
         <name>fd_mpy28.asm.obj</name>
      </input_file>
      <input_file id="fl-27">
         <path>C:\ti\ccs1270\ccs\tools\compiler\ti-cgt-c2000_22.6.1.LTS\lib\</path>
         <kind>archive</kind>
         <file>rts2800_fpu32_eabi.lib</file>
         <name>fs_div28.asm.obj</name>
      </input_file>
      <input_file id="fl-28">
         <path>C:\ti\ccs1270\ccs\tools\compiler\ti-cgt-c2000_22.6.1.LTS\lib\</path>
         <kind>archive</kind>
         <file>rts2800_fpu32_eabi.lib</file>
         <name>fs_tofdfpu32.asm.obj</name>
      </input_file>
      <input_file id="fl-29">
         <path>C:\ti\ccs1270\ccs\tools\compiler\ti-cgt-c2000_22.6.1.LTS\lib\</path>
         <kind>archive</kind>
         <file>rts2800_fpu32_eabi.lib</file>
         <name>fd_tofsfpu32.asm.obj</name>
      </input_file>
      <input_file id="fl-2a">
         <path>C:\ti\ccs1270\ccs\tools\compiler\ti-cgt-c2000_22.6.1.LTS\lib\</path>
         <kind>archive</kind>
         <file>rts2800_fpu32_eabi.lib</file>
         <name>fd_div28.asm.obj</name>
      </input_file>
      <input_file id="fl-2b">
         <path>C:\ti\ccs1270\ccs\tools\compiler\ti-cgt-c2000_22.6.1.LTS\lib\</path>
         <kind>archive</kind>
         <file>rts2800_fpu32_eabi.lib</file>
         <name>memcpy.c.obj</name>
      </input_file>
      <input_file id="fl-2c">
         <path>C:\ti\ccs1270\ccs\tools\compiler\ti-cgt-c2000_22.6.1.LTS\lib\</path>
         <kind>archive</kind>
         <file>rts2800_fpu32_eabi.lib</file>
         <name>pre_init.c.obj</name>
      </input_file>
      <input_file id="fl-2d">
         <path>C:\ti\ccs1270\ccs\tools\compiler\ti-cgt-c2000_22.6.1.LTS\lib\</path>
         <kind>archive</kind>
         <file>rts2800_fpu32_eabi.lib</file>
         <name>autoinit.c.obj</name>
      </input_file>
      <input_file id="fl-2e">
         <path>C:\ti\ccs1270\ccs\tools\compiler\ti-cgt-c2000_22.6.1.LTS\lib\</path>
         <kind>archive</kind>
         <file>rts2800_fpu32_eabi.lib</file>
         <name>copy_zero_init.c.obj</name>
      </input_file>
      <input_file id="fl-2f">
         <path>C:\ti\ccs1270\ccs\tools\compiler\ti-cgt-c2000_22.6.1.LTS\lib\</path>
         <kind>archive</kind>
         <file>rts2800_fpu32_eabi.lib</file>
         <name>copy_decompress_none.c.obj</name>
      </input_file>
      <input_file id="fl-30">
         <path>C:\ti\ccs1270\ccs\tools\compiler\ti-cgt-c2000_22.6.1.LTS\lib\</path>
         <kind>archive</kind>
         <file>rts2800_fpu32_eabi.lib</file>
         <name>copy_decompress_lzss.c.obj</name>
      </input_file>
      <input_file id="fl-31">
         <path>C:\ti\ccs1270\ccs\tools\compiler\ti-cgt-c2000_22.6.1.LTS\lib\</path>
         <kind>archive</kind>
         <file>rts2800_fpu32_eabi.lib</file>
         <name>exit.c.obj</name>
      </input_file>
      <input_file id="fl-32">
         <path>C:\ti\ccs1270\ccs\tools\compiler\ti-cgt-c2000_22.6.1.LTS\lib\</path>
         <kind>archive</kind>
         <file>rts2800_fpu32_eabi.lib</file>
         <name>_lock.c.obj</name>
      </input_file>
      <input_file id="fl-33">
         <path>C:\ti\ccs1270\ccs\tools\compiler\ti-cgt-c2000_22.6.1.LTS\lib\</path>
         <kind>archive</kind>
         <file>rts2800_fpu32_eabi.lib</file>
         <name>args_main.c.obj</name>
      </input_file>
      <input_file id="fl-34">
         <path>C:\ti\ccs1270\ccs\tools\compiler\ti-cgt-c2000_22.6.1.LTS\lib\</path>
         <kind>archive</kind>
         <file>rts2800_fpu32_eabi.lib</file>
         <name>memset.c.obj</name>
      </input_file>
      <input_file id="fl-35">
         <path>C:\ti\ccs1270\ccs\tools\compiler\ti-cgt-c2000_22.6.1.LTS\lib\</path>
         <kind>archive</kind>
         <file>rts2800_fpu32_eabi.lib</file>
         <name>cpy_tbl.c.obj</name>
      </input_file>
      <input_file id="fl-36">
         <path>C:\ti\ccs1270\ccs\tools\compiler\ti-cgt-c2000_22.6.1.LTS\lib\</path>
         <kind>archive</kind>
         <file>rts2800_fpu32_eabi.lib</file>
         <name>startup.c.obj</name>
      </input_file>
   </input_file_list>
   <object_component_list>
      <object_component id="oc-20">
         <name>codestart</name>
         <load_address>0x80000</load_address>
         <run_address>0x80000</run_address>
         <size>0x2</size>
         <input_file_ref idref="fl-9"/>
      </object_component>
      <object_component id="oc-94">
         <name>.text</name>
         <load_address>0x82000</load_address>
         <run_address>0x82000</run_address>
         <size>0x55b</size>
         <input_file_ref idref="fl-3"/>
      </object_component>
      <object_component id="oc-88">
         <name>.text</name>
         <load_address>0x8255b</load_address>
         <run_address>0x8255b</run_address>
         <size>0x217</size>
         <input_file_ref idref="fl-8"/>
      </object_component>
      <object_component id="oc-120">
         <name>.text:DCC_verifyClockFrequency</name>
         <load_address>0x82772</load_address>
         <run_address>0x82772</run_address>
         <size>0xcb</size>
         <input_file_ref idref="fl-13"/>
      </object_component>
      <object_component id="oc-fc">
         <name>.text:SysCtl_setClock</name>
         <load_address>0x8283d</load_address>
         <run_address>0x8283d</run_address>
         <size>0xc8</size>
         <input_file_ref idref="fl-19"/>
      </object_component>
      <object_component id="oc-1ed">
         <name>.text:SysCtl_isPLLValid</name>
         <load_address>0x82905</load_address>
         <run_address>0x82905</run_address>
         <size>0xbd</size>
         <input_file_ref idref="fl-19"/>
      </object_component>
      <object_component id="oc-209">
         <name>.text</name>
         <load_address>0x829c2</load_address>
         <run_address>0x829c2</run_address>
         <size>0x88</size>
         <input_file_ref idref="fl-27"/>
      </object_component>
      <object_component id="oc-285">
         <name>.text:Interrupt_clearIFR</name>
         <load_address>0x82a4a</load_address>
         <run_address>0x82a4a</run_address>
         <size>0x7f</size>
         <input_file_ref idref="fl-17"/>
      </object_component>
      <object_component id="oc-2b">
         <name>.text:retain</name>
         <load_address>0x82ac9</load_address>
         <run_address>0x82ac9</run_address>
         <size>0x7e</size>
         <input_file_ref idref="fl-6"/>
      </object_component>
      <object_component id="oc-238">
         <name>.text:DCC_setCounterSeeds</name>
         <load_address>0x82b47</load_address>
         <run_address>0x82b47</run_address>
         <size>0x73</size>
         <input_file_ref idref="fl-13"/>
      </object_component>
      <object_component id="oc-328">
         <name>.text:DCC_setCounterSeeds</name>
         <load_address>0x82bba</load_address>
         <run_address>0x82bba</run_address>
         <size>0x73</size>
         <input_file_ref idref="fl-19"/>
      </object_component>
      <object_component id="oc-148">
         <name>.text:I2C_initController</name>
         <load_address>0x82c2d</load_address>
         <run_address>0x82c2d</run_address>
         <size>0x64</size>
         <input_file_ref idref="fl-16"/>
      </object_component>
      <object_component id="oc-102">
         <name>.text:SysCtl_getClock</name>
         <load_address>0x82c91</load_address>
         <run_address>0x82c91</run_address>
         <size>0x5e</size>
         <input_file_ref idref="fl-19"/>
      </object_component>
      <object_component id="oc-10e">
         <name>.text:GPIO_setPadConfig</name>
         <load_address>0x82cef</load_address>
         <run_address>0x82cef</run_address>
         <size>0x52</size>
         <input_file_ref idref="fl-15"/>
      </object_component>
      <object_component id="oc-15a">
         <name>.text:Interrupt_disable</name>
         <load_address>0x82d41</load_address>
         <run_address>0x82d41</run_address>
         <size>0x4e</size>
         <input_file_ref idref="fl-17"/>
      </object_component>
      <object_component id="oc-13c">
         <name>.text:ADC_setVREF</name>
         <load_address>0x82d8f</load_address>
         <run_address>0x82d8f</run_address>
         <size>0x4c</size>
         <input_file_ref idref="fl-12"/>
      </object_component>
      <object_component id="oc-1e7">
         <name>.text:SysCtl_selectOscSource</name>
         <load_address>0x82ddb</load_address>
         <run_address>0x82ddb</run_address>
         <size>0x49</size>
         <input_file_ref idref="fl-19"/>
      </object_component>
      <object_component id="oc-7c">
         <name>.text:SCI_clearInterruptStatus</name>
         <load_address>0x82e24</load_address>
         <run_address>0x82e24</run_address>
         <size>0x45</size>
         <input_file_ref idref="fl-18"/>
      </object_component>
      <object_component id="oc-397">
         <name>.text:SysCtl_pollX1Counter</name>
         <load_address>0x82e69</load_address>
         <run_address>0x82e69</run_address>
         <size>0x45</size>
         <input_file_ref idref="fl-19"/>
      </object_component>
      <object_component id="oc-166">
         <name>.text:SCI_enableInterrupt</name>
         <load_address>0x82eae</load_address>
         <run_address>0x82eae</run_address>
         <size>0x44</size>
         <input_file_ref idref="fl-18"/>
      </object_component>
      <object_component id="oc-76">
         <name>.text:SCI_writeCharArray</name>
         <load_address>0x82ef2</load_address>
         <run_address>0x82ef2</run_address>
         <size>0x41</size>
         <input_file_ref idref="fl-18"/>
      </object_component>
      <object_component id="oc-2eb">
         <name>.text:SysCtl_selectXTAL</name>
         <load_address>0x82f33</load_address>
         <run_address>0x82f33</run_address>
         <size>0x40</size>
         <input_file_ref idref="fl-19"/>
      </object_component>
      <object_component id="oc-160">
         <name>.text:SCI_setConfig</name>
         <load_address>0x82f73</load_address>
         <run_address>0x82f73</run_address>
         <size>0x3e</size>
         <input_file_ref idref="fl-18"/>
      </object_component>
      <object_component id="oc-8e">
         <name>.text:Interrupt_initModule</name>
         <load_address>0x82fb1</load_address>
         <run_address>0x82fb1</run_address>
         <size>0x3d</size>
         <input_file_ref idref="fl-17"/>
      </object_component>
      <object_component id="oc-202">
         <name>.text:DCC_isBaseValid</name>
         <load_address>0x82fee</load_address>
         <run_address>0x82fee</run_address>
         <size>0x10</size>
         <input_file_ref idref="fl-13"/>
      </object_component>
      <object_component id="oc-183">
         <name>.text</name>
         <load_address>0x82ffe</load_address>
         <run_address>0x82ffe</run_address>
         <size>0x2</size>
         <input_file_ref idref="fl-2c"/>
      </object_component>
      <object_component id="oc-6f">
         <name>.text:SCI_readCharArray</name>
         <load_address>0x83000</load_address>
         <run_address>0x83000</run_address>
         <size>0x3b</size>
         <input_file_ref idref="fl-18"/>
      </object_component>
      <object_component id="oc-11a">
         <name>.text:GPIO_setAnalogMode</name>
         <load_address>0x8303b</load_address>
         <run_address>0x8303b</run_address>
         <size>0x3a</size>
         <input_file_ref idref="fl-15"/>
      </object_component>
      <object_component id="oc-2c">
         <name>.text</name>
         <load_address>0x83075</load_address>
         <run_address>0x83075</run_address>
         <size>0x38</size>
         <input_file_ref idref="fl-6"/>
      </object_component>
      <object_component id="oc-142">
         <name>.text:GPIO_setControllerCore</name>
         <load_address>0x830ad</load_address>
         <run_address>0x830ad</run_address>
         <size>0x37</size>
         <input_file_ref idref="fl-15"/>
      </object_component>
      <object_component id="oc-130">
         <name>.text:GPIO_setPinConfig</name>
         <load_address>0x830e4</load_address>
         <run_address>0x830e4</run_address>
         <size>0x37</size>
         <input_file_ref idref="fl-15"/>
      </object_component>
      <object_component id="oc-136">
         <name>.text:GPIO_setQualificationMode</name>
         <load_address>0x8311b</load_address>
         <run_address>0x8311b</run_address>
         <size>0x37</size>
         <input_file_ref idref="fl-15"/>
      </object_component>
      <object_component id="oc-9a">
         <name>.text:Interrupt_enable</name>
         <load_address>0x83152</load_address>
         <run_address>0x83152</run_address>
         <size>0x37</size>
         <input_file_ref idref="fl-17"/>
      </object_component>
      <object_component id="oc-114">
         <name>.text:GPIO_setDirectionMode</name>
         <load_address>0x83189</load_address>
         <run_address>0x83189</run_address>
         <size>0x31</size>
         <input_file_ref idref="fl-15"/>
      </object_component>
      <object_component id="oc-13">
         <name>.text:decompress:lzss</name>
         <load_address>0x831ba</load_address>
         <run_address>0x831ba</run_address>
         <size>0x30</size>
         <input_file_ref idref="fl-30"/>
      </object_component>
      <object_component id="oc-2a3">
         <name>.text:__TI_auto_init_nobinit_nopinit</name>
         <load_address>0x831ea</load_address>
         <run_address>0x831ea</run_address>
         <size>0x2b</size>
         <input_file_ref idref="fl-2d"/>
      </object_component>
      <object_component id="oc-154">
         <name>.text:I2C_enableInterrupt</name>
         <load_address>0x83215</load_address>
         <run_address>0x83215</run_address>
         <size>0x2a</size>
         <input_file_ref idref="fl-16"/>
      </object_component>
      <object_component id="oc-190">
         <name>.text</name>
         <load_address>0x8323f</load_address>
         <run_address>0x8323f</run_address>
         <size>0x29</size>
         <input_file_ref idref="fl-31"/>
      </object_component>
      <object_component id="oc-271">
         <name>.text:ADC_setOffsetTrimAll</name>
         <load_address>0x83268</load_address>
         <run_address>0x83268</run_address>
         <size>0x28</size>
         <input_file_ref idref="fl-12"/>
      </object_component>
      <object_component id="oc-2f1">
         <name>.text:SysCtl_selectXTALSingleEnded</name>
         <load_address>0x83290</load_address>
         <run_address>0x83290</run_address>
         <size>0x25</size>
         <input_file_ref idref="fl-19"/>
      </object_component>
      <object_component id="oc-23e">
         <name>.text:DCC_enableSingleShotMode</name>
         <load_address>0x832b5</load_address>
         <run_address>0x832b5</run_address>
         <size>0x24</size>
         <input_file_ref idref="fl-13"/>
      </object_component>
      <object_component id="oc-32e">
         <name>.text:DCC_enableSingleShotMode</name>
         <load_address>0x832d9</load_address>
         <run_address>0x832d9</run_address>
         <size>0x24</size>
         <input_file_ref idref="fl-19"/>
      </object_component>
      <object_component id="oc-14e">
         <name>.text:I2C_clearInterruptStatus</name>
         <load_address>0x832fd</load_address>
         <run_address>0x832fd</run_address>
         <size>0x22</size>
         <input_file_ref idref="fl-16"/>
      </object_component>
      <object_component id="oc-c8">
         <name>.text:SCI_isFIFOEnabled</name>
         <load_address>0x8331f</load_address>
         <run_address>0x8331f</run_address>
         <size>0x20</size>
         <input_file_ref idref="fl-18"/>
      </object_component>
      <object_component id="oc-232">
         <name>.text:DCC_setCounter1ClkSource</name>
         <load_address>0x8333f</load_address>
         <run_address>0x8333f</run_address>
         <size>0x1e</size>
         <input_file_ref idref="fl-13"/>
      </object_component>
      <object_component id="oc-322">
         <name>.text:DCC_setCounter1ClkSource</name>
         <load_address>0x8335d</load_address>
         <run_address>0x8335d</run_address>
         <size>0x1e</size>
         <input_file_ref idref="fl-19"/>
      </object_component>
      <object_component id="oc-3d">
         <name>.text:Interrupt_initVectorTable</name>
         <load_address>0x8337b</load_address>
         <run_address>0x8337b</run_address>
         <size>0x1e</size>
         <input_file_ref idref="fl-17"/>
      </object_component>
      <object_component id="oc-52">
         <name>.text</name>
         <load_address>0x83399</load_address>
         <run_address>0x83399</run_address>
         <size>0x1d</size>
         <input_file_ref idref="fl-2b"/>
      </object_component>
      <object_component id="oc-25c">
         <name>.text:DCC_getErrorStatus</name>
         <load_address>0x833b6</load_address>
         <run_address>0x833b6</run_address>
         <size>0x1c</size>
         <input_file_ref idref="fl-13"/>
      </object_component>
      <object_component id="oc-256">
         <name>.text:DCC_getSingleShotStatus</name>
         <load_address>0x833d2</load_address>
         <run_address>0x833d2</run_address>
         <size>0x1c</size>
         <input_file_ref idref="fl-13"/>
      </object_component>
      <object_component id="oc-22c">
         <name>.text:DCC_setCounter0ClkSource</name>
         <load_address>0x833ee</load_address>
         <run_address>0x833ee</run_address>
         <size>0x1c</size>
         <input_file_ref idref="fl-13"/>
      </object_component>
      <object_component id="oc-31c">
         <name>.text:DCC_setCounter0ClkSource</name>
         <load_address>0x8340a</load_address>
         <run_address>0x8340a</run_address>
         <size>0x1c</size>
         <input_file_ref idref="fl-19"/>
      </object_component>
      <object_component id="oc-d4">
         <name>.text:SCI_isDataAvailableNonFIFO</name>
         <load_address>0x83426</load_address>
         <run_address>0x83426</run_address>
         <size>0x1a</size>
         <input_file_ref idref="fl-18"/>
      </object_component>
      <object_component id="oc-e2">
         <name>.text:SCI_isSpaceAvailableNonFIFO</name>
         <load_address>0x83440</load_address>
         <run_address>0x83440</run_address>
         <size>0x1a</size>
         <input_file_ref idref="fl-18"/>
      </object_component>
      <object_component id="oc-108">
         <name>.text:SysCtl_getLowSpeedClock</name>
         <load_address>0x8345a</load_address>
         <run_address>0x8345a</run_address>
         <size>0x1a</size>
         <input_file_ref idref="fl-19"/>
      </object_component>
      <object_component id="oc-28c">
         <name>.text:SCI_disableModule</name>
         <load_address>0x83474</load_address>
         <run_address>0x83474</run_address>
         <size>0x18</size>
         <input_file_ref idref="fl-18"/>
      </object_component>
      <object_component id="oc-e9">
         <name>.text:SCI_performSoftwareReset</name>
         <load_address>0x8348c</load_address>
         <run_address>0x8348c</run_address>
         <size>0x18</size>
         <input_file_ref idref="fl-18"/>
      </object_component>
      <object_component id="oc-26a">
         <name>.text:ADC_isBaseValid</name>
         <load_address>0x834a4</load_address>
         <run_address>0x834a4</run_address>
         <size>0x17</size>
         <input_file_ref idref="fl-12"/>
      </object_component>
      <object_component id="oc-2f8">
         <name>.text:SysCtl_enablePeripheral</name>
         <load_address>0x834bb</load_address>
         <run_address>0x834bb</run_address>
         <size>0x17</size>
         <input_file_ref idref="fl-19"/>
      </object_component>
      <object_component id="oc-b9">
         <name>.text</name>
         <load_address>0x834d2</load_address>
         <run_address>0x834d2</run_address>
         <size>0x17</size>
         <input_file_ref idref="fl-25"/>
      </object_component>
      <object_component id="oc-226">
         <name>.text:DCC_disableDoneSignal</name>
         <load_address>0x834e9</load_address>
         <run_address>0x834e9</run_address>
         <size>0x16</size>
         <input_file_ref idref="fl-13"/>
      </object_component>
      <object_component id="oc-316">
         <name>.text:DCC_disableDoneSignal</name>
         <load_address>0x834ff</load_address>
         <run_address>0x834ff</run_address>
         <size>0x16</size>
         <input_file_ref idref="fl-19"/>
      </object_component>
      <object_component id="oc-24a">
         <name>.text:DCC_enableDoneSignal</name>
         <load_address>0x83515</load_address>
         <run_address>0x83515</run_address>
         <size>0x16</size>
         <input_file_ref idref="fl-13"/>
      </object_component>
      <object_component id="oc-33a">
         <name>.text:DCC_enableDoneSignal</name>
         <load_address>0x8352b</load_address>
         <run_address>0x8352b</run_address>
         <size>0x16</size>
         <input_file_ref idref="fl-19"/>
      </object_component>
      <object_component id="oc-37">
         <name>.text:Interrupt_defaultHandler</name>
         <load_address>0x83541</load_address>
         <run_address>0x83541</run_address>
         <size>0x16</size>
         <input_file_ref idref="fl-17"/>
      </object_component>
      <object_component id="oc-214">
         <name>.text:DCC_clearDoneFlag</name>
         <load_address>0x83557</load_address>
         <run_address>0x83557</run_address>
         <size>0x15</size>
         <input_file_ref idref="fl-13"/>
      </object_component>
      <object_component id="oc-304">
         <name>.text:DCC_clearDoneFlag</name>
         <load_address>0x8356c</load_address>
         <run_address>0x8356c</run_address>
         <size>0x15</size>
         <input_file_ref idref="fl-19"/>
      </object_component>
      <object_component id="oc-20e">
         <name>.text:DCC_clearErrorFlag</name>
         <load_address>0x83581</load_address>
         <run_address>0x83581</run_address>
         <size>0x15</size>
         <input_file_ref idref="fl-13"/>
      </object_component>
      <object_component id="oc-2fe">
         <name>.text:DCC_clearErrorFlag</name>
         <load_address>0x83596</load_address>
         <run_address>0x83596</run_address>
         <size>0x15</size>
         <input_file_ref idref="fl-19"/>
      </object_component>
      <object_component id="oc-220">
         <name>.text:DCC_disableErrorSignal</name>
         <load_address>0x835ab</load_address>
         <run_address>0x835ab</run_address>
         <size>0x15</size>
         <input_file_ref idref="fl-13"/>
      </object_component>
      <object_component id="oc-310">
         <name>.text:DCC_disableErrorSignal</name>
         <load_address>0x835c0</load_address>
         <run_address>0x835c0</run_address>
         <size>0x15</size>
         <input_file_ref idref="fl-19"/>
      </object_component>
      <object_component id="oc-244">
         <name>.text:DCC_enableErrorSignal</name>
         <load_address>0x835d5</load_address>
         <run_address>0x835d5</run_address>
         <size>0x15</size>
         <input_file_ref idref="fl-13"/>
      </object_component>
      <object_component id="oc-334">
         <name>.text:DCC_enableErrorSignal</name>
         <load_address>0x835ea</load_address>
         <run_address>0x835ea</run_address>
         <size>0x15</size>
         <input_file_ref idref="fl-19"/>
      </object_component>
      <object_component id="oc-21a">
         <name>.text:DCC_disableModule</name>
         <load_address>0x835ff</load_address>
         <run_address>0x835ff</run_address>
         <size>0x14</size>
         <input_file_ref idref="fl-13"/>
      </object_component>
      <object_component id="oc-30a">
         <name>.text:DCC_disableModule</name>
         <load_address>0x83613</load_address>
         <run_address>0x83613</run_address>
         <size>0x14</size>
         <input_file_ref idref="fl-19"/>
      </object_component>
      <object_component id="oc-250">
         <name>.text:DCC_enableModule</name>
         <load_address>0x83627</load_address>
         <run_address>0x83627</run_address>
         <size>0x14</size>
         <input_file_ref idref="fl-13"/>
      </object_component>
      <object_component id="oc-340">
         <name>.text:DCC_enableModule</name>
         <load_address>0x8363b</load_address>
         <run_address>0x8363b</run_address>
         <size>0x14</size>
         <input_file_ref idref="fl-19"/>
      </object_component>
      <object_component id="oc-1f7">
         <name>.text:GPIO_isPinValid</name>
         <load_address>0x8364f</load_address>
         <run_address>0x8364f</run_address>
         <size>0x14</size>
         <input_file_ref idref="fl-15"/>
      </object_component>
      <object_component id="oc-ce">
         <name>.text:SCI_getRxFIFOStatus</name>
         <load_address>0x83663</load_address>
         <run_address>0x83663</run_address>
         <size>0x14</size>
         <input_file_ref idref="fl-18"/>
      </object_component>
      <object_component id="oc-dc">
         <name>.text:SCI_getTxFIFOStatus</name>
         <load_address>0x83677</load_address>
         <run_address>0x83677</run_address>
         <size>0x14</size>
         <input_file_ref idref="fl-18"/>
      </object_component>
      <object_component id="oc-292">
         <name>.text:SCI_enableModule</name>
         <load_address>0x8368b</load_address>
         <run_address>0x8368b</run_address>
         <size>0x13</size>
         <input_file_ref idref="fl-18"/>
      </object_component>
      <object_component id="oc-c1">
         <name>.text:SCI_isBaseValid</name>
         <load_address>0x8369e</load_address>
         <run_address>0x8369e</run_address>
         <size>0x13</size>
         <input_file_ref idref="fl-18"/>
      </object_component>
      <object_component id="oc-3a6">
         <name>.text:DCC_isBaseValid</name>
         <load_address>0x836b1</load_address>
         <run_address>0x836b1</run_address>
         <size>0x10</size>
         <input_file_ref idref="fl-19"/>
      </object_component>
      <object_component id="oc-1a1">
         <name>.text:Flash_isCtrlBaseValid</name>
         <load_address>0x836c1</load_address>
         <run_address>0x836c1</run_address>
         <size>0x10</size>
         <input_file_ref idref="fl-14"/>
      </object_component>
      <object_component id="oc-1a8">
         <name>.text:Flash_isECCBaseValid</name>
         <load_address>0x836d1</load_address>
         <run_address>0x836d1</run_address>
         <size>0x10</size>
         <input_file_ref idref="fl-14"/>
      </object_component>
      <object_component id="oc-27a">
         <name>.text:I2C_isBaseValid</name>
         <load_address>0x836e1</load_address>
         <run_address>0x836e1</run_address>
         <size>0xf</size>
         <input_file_ref idref="fl-16"/>
      </object_component>
      <object_component id="oc-128">
         <name>.text:Interrupt_disableGlobal</name>
         <load_address>0x836f0</load_address>
         <run_address>0x836f0</run_address>
         <size>0xd</size>
         <input_file_ref idref="fl-17"/>
      </object_component>
      <object_component id="oc-16e">
         <name>.text:Interrupt_enableGlobal</name>
         <load_address>0x836fd</load_address>
         <run_address>0x836fd</run_address>
         <size>0xd</size>
         <input_file_ref idref="fl-17"/>
      </object_component>
      <object_component id="oc-5a">
         <name>.text:decompress:ZI:__TI_zero_init_nomemset</name>
         <load_address>0x8370a</load_address>
         <run_address>0x8370a</run_address>
         <size>0xd</size>
         <input_file_ref idref="fl-2e"/>
      </object_component>
      <object_component id="oc-18a">
         <name>.text</name>
         <load_address>0x83717</load_address>
         <run_address>0x83717</run_address>
         <size>0xc</size>
         <input_file_ref idref="fl-33"/>
      </object_component>
      <object_component id="oc-1e1">
         <name>.text:SysCtl_isMCDClockFailureDetected</name>
         <load_address>0x83723</load_address>
         <run_address>0x83723</run_address>
         <size>0xb</size>
         <input_file_ref idref="fl-19"/>
      </object_component>
      <object_component id="oc-43">
         <name>.text:Interrupt_illegalOperationHandler</name>
         <load_address>0x8372e</load_address>
         <run_address>0x8372e</run_address>
         <size>0xa</size>
         <input_file_ref idref="fl-17"/>
      </object_component>
      <object_component id="oc-49">
         <name>.text:Interrupt_nmiHandler</name>
         <load_address>0x83738</load_address>
         <run_address>0x83738</run_address>
         <size>0xa</size>
         <input_file_ref idref="fl-17"/>
      </object_component>
      <object_component id="oc-38b">
         <name>.text</name>
         <load_address>0x83742</load_address>
         <run_address>0x83742</run_address>
         <size>0x9</size>
         <input_file_ref idref="fl-32"/>
      </object_component>
      <object_component id="oc-19">
         <name>.text:decompress:none</name>
         <load_address>0x8374b</load_address>
         <run_address>0x8374b</run_address>
         <size>0x8</size>
         <input_file_ref idref="fl-2f"/>
      </object_component>
      <object_component id="oc-66">
         <name>.text</name>
         <load_address>0x83753</load_address>
         <run_address>0x83753</run_address>
         <size>0x8</size>
         <input_file_ref idref="fl-9"/>
      </object_component>
      <object_component id="oc-39d">
         <name>.text:SysCtl_resetMCD</name>
         <load_address>0x8375b</load_address>
         <run_address>0x8375b</run_address>
         <size>0x7</size>
         <input_file_ref idref="fl-19"/>
      </object_component>
      <object_component id="oc-371">
         <name>.text</name>
         <load_address>0x83762</load_address>
         <run_address>0x83762</run_address>
         <size>0x1</size>
         <input_file_ref idref="fl-36"/>
      </object_component>
      <object_component id="oc-3fa">
         <name>.cinit..data.load</name>
         <load_address>0x8112c</load_address>
         <run_address>0x8112c</run_address>
         <size>0x9</size>
      </object_component>
      <object_component id="oc-3f7">
         <name>__TI_handler_table</name>
         <load_address>0x81136</load_address>
         <run_address>0x81136</run_address>
         <size>0x6</size>
      </object_component>
      <object_component id="oc-3f9">
         <name>.cinit..bss.load</name>
         <load_address>0x8113c</load_address>
         <run_address>0x8113c</run_address>
         <size>0x4</size>
      </object_component>
      <object_component id="oc-3f8">
         <name>__TI_cinit_table</name>
         <load_address>0x81140</load_address>
         <run_address>0x81140</run_address>
         <size>0x8</size>
      </object_component>
      <object_component id="oc-4f">
         <name>.stack</name>
         <uninitialized>true</uninitialized>
         <run_address>0x400</run_address>
         <size>0x0</size>
         <input_file_ref idref="fl-25"/>
      </object_component>
      <object_component id="oc-3fb">
         <name>.stack</name>
         <uninitialized>true</uninitialized>
         <run_address>0x400</run_address>
         <size>0x0</size>
      </object_component>
      <object_component id="oc-82">
         <name>.bss</name>
         <uninitialized>true</uninitialized>
         <run_address>0xa814</run_address>
         <size>0x2</size>
         <input_file_ref idref="fl-6"/>
      </object_component>
      <object_component id="oc-6c">
         <name>.bss:rxBuffer</name>
         <uninitialized>true</uninitialized>
         <run_address>0xa80e</run_address>
         <size>0x6</size>
         <input_file_ref idref="fl-6"/>
      </object_component>
      <object_component id="oc-85">
         <name>.data</name>
         <load_address>0xa806</load_address>
         <run_address>0xa806</run_address>
         <size>0x4</size>
         <input_file_ref idref="fl-6"/>
      </object_component>
      <object_component id="oc-2d5">
         <name>.data</name>
         <load_address>0xa800</load_address>
         <run_address>0xa800</run_address>
         <size>0x6</size>
         <input_file_ref idref="fl-31"/>
      </object_component>
      <object_component id="oc-2d8">
         <name>.data:_lock</name>
         <load_address>0xa80a</load_address>
         <run_address>0xa80a</run_address>
         <size>0x2</size>
         <input_file_ref idref="fl-32"/>
      </object_component>
      <object_component id="oc-3bf">
         <name>.data:_unlock</name>
         <load_address>0xa80c</load_address>
         <run_address>0xa80c</run_address>
         <size>0x2</size>
         <input_file_ref idref="fl-32"/>
      </object_component>
      <object_component id="oc-12f">
         <name>.const:.string</name>
         <load_address>0x84000</load_address>
         <run_address>0x84000</run_address>
         <size>0x113</size>
         <input_file_ref idref="fl-3"/>
      </object_component>
      <object_component id="oc-1a7">
         <name>.const:.string</name>
         <load_address>0x84114</load_address>
         <run_address>0x84114</run_address>
         <size>0x9b</size>
         <input_file_ref idref="fl-14"/>
      </object_component>
      <object_component id="oc-1e0">
         <name>.const:.string</name>
         <load_address>0x841b0</load_address>
         <run_address>0x841b0</run_address>
         <size>0x9a</size>
         <input_file_ref idref="fl-19"/>
      </object_component>
      <object_component id="oc-1fd">
         <name>.const:.string</name>
         <load_address>0x8424a</load_address>
         <run_address>0x8424a</run_address>
         <size>0x98</size>
         <input_file_ref idref="fl-15"/>
      </object_component>
      <object_component id="oc-208">
         <name>.const:.string</name>
         <load_address>0x842e2</load_address>
         <run_address>0x842e2</run_address>
         <size>0x97</size>
         <input_file_ref idref="fl-13"/>
      </object_component>
      <object_component id="oc-c7">
         <name>.const:.string</name>
         <load_address>0x8437a</load_address>
         <run_address>0x8437a</run_address>
         <size>0x97</size>
         <input_file_ref idref="fl-18"/>
      </object_component>
      <object_component id="oc-f4">
         <name>.const:.string</name>
         <load_address>0x84412</load_address>
         <run_address>0x84412</run_address>
         <size>0x59</size>
         <input_file_ref idref="fl-8"/>
      </object_component>
      <object_component id="oc-36a">
         <name>.const:.string</name>
         <load_address>0x8446c</load_address>
         <run_address>0x8446c</run_address>
         <size>0x51</size>
         <input_file_ref idref="fl-17"/>
      </object_component>
      <object_component id="oc-270">
         <name>.const:.string</name>
         <load_address>0x844be</load_address>
         <run_address>0x844be</run_address>
         <size>0x4b</size>
         <input_file_ref idref="fl-12"/>
      </object_component>
      <object_component id="oc-280">
         <name>.const:.string</name>
         <load_address>0x8450a</load_address>
         <run_address>0x8450a</run_address>
         <size>0x4b</size>
         <input_file_ref idref="fl-16"/>
      </object_component>
      <object_component id="oc-75">
         <name>.const:.string</name>
         <load_address>0x84556</load_address>
         <run_address>0x84556</run_address>
         <size>0xb</size>
         <input_file_ref idref="fl-6"/>
      </object_component>
      <object_component id="oc-f6">
         <name>.TI.ramfunc:Flash_initModule</name>
         <load_address>0x81000</load_address>
         <run_address>0x8000</run_address>
         <size>0x44</size>
         <input_file_ref idref="fl-14"/>
      </object_component>
      <object_component id="oc-1ae">
         <name>.TI.ramfunc:Flash_setBankPowerMode</name>
         <load_address>0x81044</load_address>
         <run_address>0x8044</run_address>
         <size>0x2c</size>
         <input_file_ref idref="fl-14"/>
      </object_component>
      <object_component id="oc-1c6">
         <name>.TI.ramfunc:Flash_setWaitstates</name>
         <load_address>0x81070</load_address>
         <run_address>0x8070</run_address>
         <size>0x24</size>
         <input_file_ref idref="fl-14"/>
      </object_component>
      <object_component id="oc-1b4">
         <name>.TI.ramfunc:Flash_setPumpPowerMode</name>
         <load_address>0x81094</load_address>
         <run_address>0x8094</run_address>
         <size>0x1d</size>
         <input_file_ref idref="fl-14"/>
      </object_component>
      <object_component id="oc-1ba">
         <name>.TI.ramfunc:Flash_disableCache</name>
         <load_address>0x810b1</load_address>
         <run_address>0x80b1</run_address>
         <size>0x18</size>
         <input_file_ref idref="fl-14"/>
      </object_component>
      <object_component id="oc-1c0">
         <name>.TI.ramfunc:Flash_disablePrefetch</name>
         <load_address>0x810c9</load_address>
         <run_address>0x80c9</run_address>
         <size>0x18</size>
         <input_file_ref idref="fl-14"/>
      </object_component>
      <object_component id="oc-1cc">
         <name>.TI.ramfunc:Flash_enableCache</name>
         <load_address>0x810e1</load_address>
         <run_address>0x80e1</run_address>
         <size>0x17</size>
         <input_file_ref idref="fl-14"/>
      </object_component>
      <object_component id="oc-1d2">
         <name>.TI.ramfunc:Flash_enablePrefetch</name>
         <load_address>0x810f8</load_address>
         <run_address>0x80f8</run_address>
         <size>0x17</size>
         <input_file_ref idref="fl-14"/>
      </object_component>
      <object_component id="oc-1d8">
         <name>.TI.ramfunc:Flash_enableECC</name>
         <load_address>0x8110f</load_address>
         <run_address>0x810f</run_address>
         <size>0x16</size>
         <input_file_ref idref="fl-14"/>
      </object_component>
      <object_component id="oc-f5">
         <name>.TI.ramfunc</name>
         <load_address>0x81125</load_address>
         <run_address>0x8125</run_address>
         <size>0x4</size>
         <input_file_ref idref="fl-19"/>
      </object_component>
      <object_component id="oc-16d">
         <name>.debug_types</name>
         <load_address>0x0</load_address>
         <run_address>0x0</run_address>
         <size>0x1cf8</size>
         <input_file_ref idref="fl-3"/>
      </object_component>
      <object_component id="oc-a1">
         <name>.debug_types</name>
         <load_address>0x1cf8</load_address>
         <run_address>0x1cf8</run_address>
         <size>0x25f</size>
         <input_file_ref idref="fl-6"/>
      </object_component>
      <object_component id="oc-127">
         <name>.debug_types</name>
         <load_address>0x1f57</load_address>
         <run_address>0x1f57</run_address>
         <size>0xc3e</size>
         <input_file_ref idref="fl-8"/>
      </object_component>
      <object_component id="oc-278">
         <name>.debug_types</name>
         <load_address>0x2b95</load_address>
         <run_address>0x2b95</run_address>
         <size>0x126</size>
         <input_file_ref idref="fl-12"/>
      </object_component>
      <object_component id="oc-263">
         <name>.debug_types</name>
         <load_address>0x2cbb</load_address>
         <run_address>0x2cbb</run_address>
         <size>0x13d</size>
         <input_file_ref idref="fl-13"/>
      </object_component>
      <object_component id="oc-1df">
         <name>.debug_types</name>
         <load_address>0x2df8</load_address>
         <run_address>0x2df8</run_address>
         <size>0x1e9</size>
         <input_file_ref idref="fl-14"/>
      </object_component>
      <object_component id="oc-1ff">
         <name>.debug_types</name>
         <load_address>0x2fe1</load_address>
         <run_address>0x2fe1</run_address>
         <size>0x24d</size>
         <input_file_ref idref="fl-15"/>
      </object_component>
      <object_component id="oc-282">
         <name>.debug_types</name>
         <load_address>0x0</load_address>
         <run_address>0x0</run_address>
         <size>0x0</size>
         <input_file_ref idref="fl-16"/>
      </object_component>
      <object_component id="oc-a4">
         <name>.debug_types</name>
         <load_address>0x0</load_address>
         <run_address>0x0</run_address>
         <size>0x0</size>
         <input_file_ref idref="fl-17"/>
      </object_component>
      <object_component id="oc-db">
         <name>.debug_types</name>
         <load_address>0x0</load_address>
         <run_address>0x0</run_address>
         <size>0x0</size>
         <input_file_ref idref="fl-18"/>
      </object_component>
      <object_component id="oc-1f4">
         <name>.debug_types</name>
         <load_address>0x322e</load_address>
         <run_address>0x322e</run_address>
         <size>0x132</size>
         <input_file_ref idref="fl-19"/>
      </object_component>
      <object_component id="oc-ac">
         <name>.debug_types</name>
         <load_address>0x3360</load_address>
         <run_address>0x3360</run_address>
         <size>0xe3</size>
         <input_file_ref idref="fl-2b"/>
      </object_component>
      <object_component id="oc-2a2">
         <name>.debug_types</name>
         <load_address>0x0</load_address>
         <run_address>0x0</run_address>
         <size>0x0</size>
         <input_file_ref idref="fl-2c"/>
      </object_component>
      <object_component id="oc-378">
         <name>.debug_types</name>
         <load_address>0x3443</load_address>
         <run_address>0x3443</run_address>
         <size>0x441</size>
         <input_file_ref idref="fl-2d"/>
      </object_component>
      <object_component id="oc-b1">
         <name>.debug_types</name>
         <load_address>0x3884</load_address>
         <run_address>0x3884</run_address>
         <size>0x194</size>
         <input_file_ref idref="fl-2e"/>
      </object_component>
      <object_component id="oc-59">
         <name>.debug_types</name>
         <load_address>0x0</load_address>
         <run_address>0x0</run_address>
         <size>0x0</size>
         <input_file_ref idref="fl-2f"/>
      </object_component>
      <object_component id="oc-51">
         <name>.debug_types</name>
         <load_address>0x3a18</load_address>
         <run_address>0x3a18</run_address>
         <size>0x191</size>
         <input_file_ref idref="fl-30"/>
      </object_component>
      <object_component id="oc-2dc">
         <name>.debug_types</name>
         <load_address>0x3ba9</load_address>
         <run_address>0x3ba9</run_address>
         <size>0xbf</size>
         <input_file_ref idref="fl-31"/>
      </object_component>
      <object_component id="oc-393">
         <name>.debug_types</name>
         <load_address>0x3c68</load_address>
         <run_address>0x3c68</run_address>
         <size>0x2f</size>
         <input_file_ref idref="fl-32"/>
      </object_component>
      <object_component id="oc-2d4">
         <name>.debug_types</name>
         <load_address>0x3c97</load_address>
         <run_address>0x3c97</run_address>
         <size>0xe1</size>
         <input_file_ref idref="fl-33"/>
      </object_component>
      <object_component id="oc-3b9">
         <name>.debug_types</name>
         <load_address>0x0</load_address>
         <run_address>0x0</run_address>
         <size>0x0</size>
         <input_file_ref idref="fl-36"/>
      </object_component>
      <object_component id="oc-98">
         <name>.debug_info</name>
         <load_address>0x0</load_address>
         <run_address>0x0</run_address>
         <size>0x2e12</size>
         <input_file_ref idref="fl-3"/>
      </object_component>
      <object_component id="oc-83">
         <name>.debug_info</name>
         <load_address>0x2e12</load_address>
         <run_address>0x2e12</run_address>
         <size>0xfe</size>
         <input_file_ref idref="fl-6"/>
      </object_component>
      <object_component id="oc-86">
         <name>.debug_info</name>
         <load_address>0x2f10</load_address>
         <run_address>0x2f10</run_address>
         <size>0x138</size>
         <input_file_ref idref="fl-6"/>
      </object_component>
      <object_component id="oc-6d">
         <name>.debug_info</name>
         <load_address>0x3048</load_address>
         <run_address>0x3048</run_address>
         <size>0xe8</size>
         <input_file_ref idref="fl-6"/>
      </object_component>
      <object_component id="oc-2e">
         <name>.debug_info</name>
         <load_address>0x3130</load_address>
         <run_address>0x3130</run_address>
         <size>0x347</size>
         <input_file_ref idref="fl-6"/>
      </object_component>
      <object_component id="oc-33">
         <name>.debug_info</name>
         <load_address>0x3477</load_address>
         <run_address>0x3477</run_address>
         <size>0x1a9</size>
         <input_file_ref idref="fl-6"/>
      </object_component>
      <object_component id="oc-89">
         <name>.debug_info</name>
         <load_address>0x3620</load_address>
         <run_address>0x3620</run_address>
         <size>0x120e</size>
         <input_file_ref idref="fl-8"/>
      </object_component>
      <object_component id="oc-22">
         <name>.debug_info</name>
         <load_address>0x482e</load_address>
         <run_address>0x482e</run_address>
         <size>0x110</size>
         <input_file_ref idref="fl-9"/>
      </object_component>
      <object_component id="oc-68">
         <name>.debug_info</name>
         <load_address>0x493e</load_address>
         <run_address>0x493e</run_address>
         <size>0x111</size>
         <input_file_ref idref="fl-9"/>
      </object_component>
      <object_component id="oc-26e">
         <name>.debug_info</name>
         <load_address>0x4a4f</load_address>
         <run_address>0x4a4f</run_address>
         <size>0x1d1</size>
         <input_file_ref idref="fl-12"/>
      </object_component>
      <object_component id="oc-13f">
         <name>.debug_info</name>
         <load_address>0x4c20</load_address>
         <run_address>0x4c20</run_address>
         <size>0x26c</size>
         <input_file_ref idref="fl-12"/>
      </object_component>
      <object_component id="oc-273">
         <name>.debug_info</name>
         <load_address>0x4e8c</load_address>
         <run_address>0x4e8c</run_address>
         <size>0x234</size>
         <input_file_ref idref="fl-12"/>
      </object_component>
      <object_component id="oc-204">
         <name>.debug_info</name>
         <load_address>0x50c0</load_address>
         <run_address>0x50c0</run_address>
         <size>0x1cf</size>
         <input_file_ref idref="fl-13"/>
      </object_component>
      <object_component id="oc-252">
         <name>.debug_info</name>
         <load_address>0x528f</load_address>
         <run_address>0x528f</run_address>
         <size>0x1ed</size>
         <input_file_ref idref="fl-13"/>
      </object_component>
      <object_component id="oc-21b">
         <name>.debug_info</name>
         <load_address>0x547c</load_address>
         <run_address>0x547c</run_address>
         <size>0x1ef</size>
         <input_file_ref idref="fl-13"/>
      </object_component>
      <object_component id="oc-247">
         <name>.debug_info</name>
         <load_address>0x566b</load_address>
         <run_address>0x566b</run_address>
         <size>0x1f9</size>
         <input_file_ref idref="fl-13"/>
      </object_component>
      <object_component id="oc-24c">
         <name>.debug_info</name>
         <load_address>0x5864</load_address>
         <run_address>0x5864</run_address>
         <size>0x1f7</size>
         <input_file_ref idref="fl-13"/>
      </object_component>
      <object_component id="oc-222">
         <name>.debug_info</name>
         <load_address>0x5a5b</load_address>
         <run_address>0x5a5b</run_address>
         <size>0x1fb</size>
         <input_file_ref idref="fl-13"/>
      </object_component>
      <object_component id="oc-227">
         <name>.debug_info</name>
         <load_address>0x5c56</load_address>
         <run_address>0x5c56</run_address>
         <size>0x1f9</size>
         <input_file_ref idref="fl-13"/>
      </object_component>
      <object_component id="oc-241">
         <name>.debug_info</name>
         <load_address>0x5e4f</load_address>
         <run_address>0x5e4f</run_address>
         <size>0x220</size>
         <input_file_ref idref="fl-13"/>
      </object_component>
      <object_component id="oc-25f">
         <name>.debug_info</name>
         <load_address>0x606f</load_address>
         <run_address>0x606f</run_address>
         <size>0x1fb</size>
         <input_file_ref idref="fl-13"/>
      </object_component>
      <object_component id="oc-259">
         <name>.debug_info</name>
         <load_address>0x626a</load_address>
         <run_address>0x626a</run_address>
         <size>0x205</size>
         <input_file_ref idref="fl-13"/>
      </object_component>
      <object_component id="oc-20f">
         <name>.debug_info</name>
         <load_address>0x646f</load_address>
         <run_address>0x646f</run_address>
         <size>0x1f3</size>
         <input_file_ref idref="fl-13"/>
      </object_component>
      <object_component id="oc-216">
         <name>.debug_info</name>
         <load_address>0x6662</load_address>
         <run_address>0x6662</run_address>
         <size>0x1f1</size>
         <input_file_ref idref="fl-13"/>
      </object_component>
      <object_component id="oc-233">
         <name>.debug_info</name>
         <load_address>0x6853</load_address>
         <run_address>0x6853</run_address>
         <size>0x224</size>
         <input_file_ref idref="fl-13"/>
      </object_component>
      <object_component id="oc-22d">
         <name>.debug_info</name>
         <load_address>0x6a77</load_address>
         <run_address>0x6a77</run_address>
         <size>0x224</size>
         <input_file_ref idref="fl-13"/>
      </object_component>
      <object_component id="oc-23a">
         <name>.debug_info</name>
         <load_address>0x6c9b</load_address>
         <run_address>0x6c9b</run_address>
         <size>0x293</size>
         <input_file_ref idref="fl-13"/>
      </object_component>
      <object_component id="oc-121">
         <name>.debug_info</name>
         <load_address>0x6f2e</load_address>
         <run_address>0x6f2e</run_address>
         <size>0x57e</size>
         <input_file_ref idref="fl-13"/>
      </object_component>
      <object_component id="oc-1a3">
         <name>.debug_info</name>
         <load_address>0x74ac</load_address>
         <run_address>0x74ac</run_address>
         <size>0x1e7</size>
         <input_file_ref idref="fl-14"/>
      </object_component>
      <object_component id="oc-1aa">
         <name>.debug_info</name>
         <load_address>0x7693</load_address>
         <run_address>0x7693</run_address>
         <size>0x1e3</size>
         <input_file_ref idref="fl-14"/>
      </object_component>
      <object_component id="oc-1c7">
         <name>.debug_info</name>
         <load_address>0x7876</load_address>
         <run_address>0x7876</run_address>
         <size>0x242</size>
         <input_file_ref idref="fl-14"/>
      </object_component>
      <object_component id="oc-1b0">
         <name>.debug_info</name>
         <load_address>0x7ab8</load_address>
         <run_address>0x7ab8</run_address>
         <size>0x259</size>
         <input_file_ref idref="fl-14"/>
      </object_component>
      <object_component id="oc-1b5">
         <name>.debug_info</name>
         <load_address>0x7d11</load_address>
         <run_address>0x7d11</run_address>
         <size>0x238</size>
         <input_file_ref idref="fl-14"/>
      </object_component>
      <object_component id="oc-1d3">
         <name>.debug_info</name>
         <load_address>0x7f49</load_address>
         <run_address>0x7f49</run_address>
         <size>0x209</size>
         <input_file_ref idref="fl-14"/>
      </object_component>
      <object_component id="oc-1c1">
         <name>.debug_info</name>
         <load_address>0x8152</load_address>
         <run_address>0x8152</run_address>
         <size>0x20b</size>
         <input_file_ref idref="fl-14"/>
      </object_component>
      <object_component id="oc-1cd">
         <name>.debug_info</name>
         <load_address>0x835d</load_address>
         <run_address>0x835d</run_address>
         <size>0x203</size>
         <input_file_ref idref="fl-14"/>
      </object_component>
      <object_component id="oc-1bb">
         <name>.debug_info</name>
         <load_address>0x8560</load_address>
         <run_address>0x8560</run_address>
         <size>0x205</size>
         <input_file_ref idref="fl-14"/>
      </object_component>
      <object_component id="oc-1d9">
         <name>.debug_info</name>
         <load_address>0x8765</load_address>
         <run_address>0x8765</run_address>
         <size>0x1fc</size>
         <input_file_ref idref="fl-14"/>
      </object_component>
      <object_component id="oc-f7">
         <name>.debug_info</name>
         <load_address>0x8961</load_address>
         <run_address>0x8961</run_address>
         <size>0x35e</size>
         <input_file_ref idref="fl-14"/>
      </object_component>
      <object_component id="oc-1f8">
         <name>.debug_info</name>
         <load_address>0x8cbf</load_address>
         <run_address>0x8cbf</run_address>
         <size>0x1cf</size>
         <input_file_ref idref="fl-15"/>
      </object_component>
      <object_component id="oc-116">
         <name>.debug_info</name>
         <load_address>0x8e8e</load_address>
         <run_address>0x8e8e</run_address>
         <size>0x247</size>
         <input_file_ref idref="fl-15"/>
      </object_component>
      <object_component id="oc-10f">
         <name>.debug_info</name>
         <load_address>0x90d5</load_address>
         <run_address>0x90d5</run_address>
         <size>0x230</size>
         <input_file_ref idref="fl-15"/>
      </object_component>
      <object_component id="oc-138">
         <name>.debug_info</name>
         <load_address>0x9305</load_address>
         <run_address>0x9305</run_address>
         <size>0x278</size>
         <input_file_ref idref="fl-15"/>
      </object_component>
      <object_component id="oc-143">
         <name>.debug_info</name>
         <load_address>0x957d</load_address>
         <run_address>0x957d</run_address>
         <size>0x260</size>
         <input_file_ref idref="fl-15"/>
      </object_component>
      <object_component id="oc-11b">
         <name>.debug_info</name>
         <load_address>0x97dd</load_address>
         <run_address>0x97dd</run_address>
         <size>0x22c</size>
         <input_file_ref idref="fl-15"/>
      </object_component>
      <object_component id="oc-131">
         <name>.debug_info</name>
         <load_address>0x9a09</load_address>
         <run_address>0x9a09</run_address>
         <size>0x219</size>
         <input_file_ref idref="fl-15"/>
      </object_component>
      <object_component id="oc-27b">
         <name>.debug_info</name>
         <load_address>0x9c22</load_address>
         <run_address>0x9c22</run_address>
         <size>0x1d1</size>
         <input_file_ref idref="fl-16"/>
      </object_component>
      <object_component id="oc-14b">
         <name>.debug_info</name>
         <load_address>0x9df3</load_address>
         <run_address>0x9df3</run_address>
         <size>0x293</size>
         <input_file_ref idref="fl-16"/>
      </object_component>
      <object_component id="oc-155">
         <name>.debug_info</name>
         <load_address>0xa086</load_address>
         <run_address>0xa086</run_address>
         <size>0x208</size>
         <input_file_ref idref="fl-16"/>
      </object_component>
      <object_component id="oc-150">
         <name>.debug_info</name>
         <load_address>0xa28e</load_address>
         <run_address>0xa28e</run_address>
         <size>0x214</size>
         <input_file_ref idref="fl-16"/>
      </object_component>
      <object_component id="oc-16f">
         <name>.debug_info</name>
         <load_address>0xa4a2</load_address>
         <run_address>0xa4a2</run_address>
         <size>0x1c8</size>
         <input_file_ref idref="fl-17"/>
      </object_component>
      <object_component id="oc-129">
         <name>.debug_info</name>
         <load_address>0xa66a</load_address>
         <run_address>0xa66a</run_address>
         <size>0x1ca</size>
         <input_file_ref idref="fl-17"/>
      </object_component>
      <object_component id="oc-287">
         <name>.debug_info</name>
         <load_address>0xa834</load_address>
         <run_address>0xa834</run_address>
         <size>0x1ea</size>
         <input_file_ref idref="fl-17"/>
      </object_component>
      <object_component id="oc-91">
         <name>.debug_info</name>
         <load_address>0xaa1e</load_address>
         <run_address>0xaa1e</run_address>
         <size>0x1d9</size>
         <input_file_ref idref="fl-17"/>
      </object_component>
      <object_component id="oc-3a">
         <name>.debug_info</name>
         <load_address>0xabf7</load_address>
         <run_address>0xabf7</run_address>
         <size>0x1e6</size>
         <input_file_ref idref="fl-17"/>
      </object_component>
      <object_component id="oc-45">
         <name>.debug_info</name>
         <load_address>0xaddd</load_address>
         <run_address>0xaddd</run_address>
         <size>0x1cc</size>
         <input_file_ref idref="fl-17"/>
      </object_component>
      <object_component id="oc-4c">
         <name>.debug_info</name>
         <load_address>0xafa9</load_address>
         <run_address>0xafa9</run_address>
         <size>0x1b2</size>
         <input_file_ref idref="fl-17"/>
      </object_component>
      <object_component id="oc-40">
         <name>.debug_info</name>
         <load_address>0xb15b</load_address>
         <run_address>0xb15b</run_address>
         <size>0x1d6</size>
         <input_file_ref idref="fl-17"/>
      </object_component>
      <object_component id="oc-9c">
         <name>.debug_info</name>
         <load_address>0xb331</load_address>
         <run_address>0xb331</run_address>
         <size>0x27d</size>
         <input_file_ref idref="fl-17"/>
      </object_component>
      <object_component id="oc-15b">
         <name>.debug_info</name>
         <load_address>0xb5ae</load_address>
         <run_address>0xb5ae</run_address>
         <size>0x2af</size>
         <input_file_ref idref="fl-17"/>
      </object_component>
      <object_component id="oc-c2">
         <name>.debug_info</name>
         <load_address>0xb85d</load_address>
         <run_address>0xb85d</run_address>
         <size>0x1cf</size>
         <input_file_ref idref="fl-18"/>
      </object_component>
      <object_component id="oc-293">
         <name>.debug_info</name>
         <load_address>0xba2c</load_address>
         <run_address>0xba2c</run_address>
         <size>0x1ef</size>
         <input_file_ref idref="fl-18"/>
      </object_component>
      <object_component id="oc-28d">
         <name>.debug_info</name>
         <load_address>0xbc1b</load_address>
         <run_address>0xbc1b</run_address>
         <size>0x1f1</size>
         <input_file_ref idref="fl-18"/>
      </object_component>
      <object_component id="oc-c9">
         <name>.debug_info</name>
         <load_address>0xbe0c</load_address>
         <run_address>0xbe0c</run_address>
         <size>0x1f9</size>
         <input_file_ref idref="fl-18"/>
      </object_component>
      <object_component id="oc-d5">
         <name>.debug_info</name>
         <load_address>0xc005</load_address>
         <run_address>0xc005</run_address>
         <size>0x20b</size>
         <input_file_ref idref="fl-18"/>
      </object_component>
      <object_component id="oc-e3">
         <name>.debug_info</name>
         <load_address>0xc210</load_address>
         <run_address>0xc210</run_address>
         <size>0x20d</size>
         <input_file_ref idref="fl-18"/>
      </object_component>
      <object_component id="oc-df">
         <name>.debug_info</name>
         <load_address>0xc41d</load_address>
         <run_address>0xc41d</run_address>
         <size>0x1fd</size>
         <input_file_ref idref="fl-18"/>
      </object_component>
      <object_component id="oc-d0">
         <name>.debug_info</name>
         <load_address>0xc61a</load_address>
         <run_address>0xc61a</run_address>
         <size>0x1fd</size>
         <input_file_ref idref="fl-18"/>
      </object_component>
      <object_component id="oc-ea">
         <name>.debug_info</name>
         <load_address>0xc817</load_address>
         <run_address>0xc817</run_address>
         <size>0x1ff</size>
         <input_file_ref idref="fl-18"/>
      </object_component>
      <object_component id="oc-161">
         <name>.debug_info</name>
         <load_address>0xca16</load_address>
         <run_address>0xca16</run_address>
         <size>0x27f</size>
         <input_file_ref idref="fl-18"/>
      </object_component>
      <object_component id="oc-79">
         <name>.debug_info</name>
         <load_address>0xcc95</load_address>
         <run_address>0xcc95</run_address>
         <size>0x298</size>
         <input_file_ref idref="fl-18"/>
      </object_component>
      <object_component id="oc-71">
         <name>.debug_info</name>
         <load_address>0xcf2d</load_address>
         <run_address>0xcf2d</run_address>
         <size>0x295</size>
         <input_file_ref idref="fl-18"/>
      </object_component>
      <object_component id="oc-168">
         <name>.debug_info</name>
         <load_address>0xd1c2</load_address>
         <run_address>0xd1c2</run_address>
         <size>0x208</size>
         <input_file_ref idref="fl-18"/>
      </object_component>
      <object_component id="oc-7d">
         <name>.debug_info</name>
         <load_address>0xd3ca</load_address>
         <run_address>0xd3ca</run_address>
         <size>0x232</size>
         <input_file_ref idref="fl-18"/>
      </object_component>
      <object_component id="oc-2f9">
         <name>.debug_info</name>
         <load_address>0xd5fc</load_address>
         <run_address>0xd5fc</run_address>
         <size>0x215</size>
         <input_file_ref idref="fl-19"/>
      </object_component>
      <object_component id="oc-1e2">
         <name>.debug_info</name>
         <load_address>0xd811</load_address>
         <run_address>0xd811</run_address>
         <size>0x1d8</size>
         <input_file_ref idref="fl-19"/>
      </object_component>
      <object_component id="oc-39f">
         <name>.debug_info</name>
         <load_address>0xd9e9</load_address>
         <run_address>0xd9e9</run_address>
         <size>0x1ae</size>
         <input_file_ref idref="fl-19"/>
      </object_component>
      <object_component id="oc-3a7">
         <name>.debug_info</name>
         <load_address>0xdb97</load_address>
         <run_address>0xdb97</run_address>
         <size>0x1d2</size>
         <input_file_ref idref="fl-19"/>
      </object_component>
      <object_component id="oc-342">
         <name>.debug_info</name>
         <load_address>0xdd69</load_address>
         <run_address>0xdd69</run_address>
         <size>0x1f0</size>
         <input_file_ref idref="fl-19"/>
      </object_component>
      <object_component id="oc-30c">
         <name>.debug_info</name>
         <load_address>0xdf59</load_address>
         <run_address>0xdf59</run_address>
         <size>0x1f2</size>
         <input_file_ref idref="fl-19"/>
      </object_component>
      <object_component id="oc-337">
         <name>.debug_info</name>
         <load_address>0xe14b</load_address>
         <run_address>0xe14b</run_address>
         <size>0x1fc</size>
         <input_file_ref idref="fl-19"/>
      </object_component>
      <object_component id="oc-33d">
         <name>.debug_info</name>
         <load_address>0xe347</load_address>
         <run_address>0xe347</run_address>
         <size>0x1fa</size>
         <input_file_ref idref="fl-19"/>
      </object_component>
      <object_component id="oc-311">
         <name>.debug_info</name>
         <load_address>0xe541</load_address>
         <run_address>0xe541</run_address>
         <size>0x1fe</size>
         <input_file_ref idref="fl-19"/>
      </object_component>
      <object_component id="oc-317">
         <name>.debug_info</name>
         <load_address>0xe73f</load_address>
         <run_address>0xe73f</run_address>
         <size>0x1fc</size>
         <input_file_ref idref="fl-19"/>
      </object_component>
      <object_component id="oc-32f">
         <name>.debug_info</name>
         <load_address>0xe93b</load_address>
         <run_address>0xe93b</run_address>
         <size>0x223</size>
         <input_file_ref idref="fl-19"/>
      </object_component>
      <object_component id="oc-301">
         <name>.debug_info</name>
         <load_address>0xeb5e</load_address>
         <run_address>0xeb5e</run_address>
         <size>0x1f6</size>
         <input_file_ref idref="fl-19"/>
      </object_component>
      <object_component id="oc-305">
         <name>.debug_info</name>
         <load_address>0xed54</load_address>
         <run_address>0xed54</run_address>
         <size>0x1f4</size>
         <input_file_ref idref="fl-19"/>
      </object_component>
      <object_component id="oc-324">
         <name>.debug_info</name>
         <load_address>0xef48</load_address>
         <run_address>0xef48</run_address>
         <size>0x227</size>
         <input_file_ref idref="fl-19"/>
      </object_component>
      <object_component id="oc-31d">
         <name>.debug_info</name>
         <load_address>0xf16f</load_address>
         <run_address>0xf16f</run_address>
         <size>0x227</size>
         <input_file_ref idref="fl-19"/>
      </object_component>
      <object_component id="oc-329">
         <name>.debug_info</name>
         <load_address>0xf396</load_address>
         <run_address>0xf396</run_address>
         <size>0x296</size>
         <input_file_ref idref="fl-19"/>
      </object_component>
      <object_component id="oc-398">
         <name>.debug_info</name>
         <load_address>0xf62c</load_address>
         <run_address>0xf62c</run_address>
         <size>0x212</size>
         <input_file_ref idref="fl-19"/>
      </object_component>
      <object_component id="oc-104">
         <name>.debug_info</name>
         <load_address>0xf83e</load_address>
         <run_address>0xf83e</run_address>
         <size>0x241</size>
         <input_file_ref idref="fl-19"/>
      </object_component>
      <object_component id="oc-fe">
         <name>.debug_info</name>
         <load_address>0xfa7f</load_address>
         <run_address>0xfa7f</run_address>
         <size>0x31b</size>
         <input_file_ref idref="fl-19"/>
      </object_component>
      <object_component id="oc-2ed">
         <name>.debug_info</name>
         <load_address>0xfd9a</load_address>
         <run_address>0xfd9a</run_address>
         <size>0x24a</size>
         <input_file_ref idref="fl-19"/>
      </object_component>
      <object_component id="oc-2f2">
         <name>.debug_info</name>
         <load_address>0xffe4</load_address>
         <run_address>0xffe4</run_address>
         <size>0x21b</size>
         <input_file_ref idref="fl-19"/>
      </object_component>
      <object_component id="oc-1e8">
         <name>.debug_info</name>
         <load_address>0x101ff</load_address>
         <run_address>0x101ff</run_address>
         <size>0x22f</size>
         <input_file_ref idref="fl-19"/>
      </object_component>
      <object_component id="oc-10a">
         <name>.debug_info</name>
         <load_address>0x1042e</load_address>
         <run_address>0x1042e</run_address>
         <size>0x21b</size>
         <input_file_ref idref="fl-19"/>
      </object_component>
      <object_component id="oc-1f0">
         <name>.debug_info</name>
         <load_address>0x10649</load_address>
         <run_address>0x10649</run_address>
         <size>0x42e</size>
         <input_file_ref idref="fl-19"/>
      </object_component>
      <object_component id="oc-bc">
         <name>.debug_info</name>
         <load_address>0x10a77</load_address>
         <run_address>0x10a77</run_address>
         <size>0x158</size>
         <input_file_ref idref="fl-25"/>
      </object_component>
      <object_component id="oc-20c">
         <name>.debug_info</name>
         <load_address>0x10bcf</load_address>
         <run_address>0x10bcf</run_address>
         <size>0x127</size>
         <input_file_ref idref="fl-27"/>
      </object_component>
      <object_component id="oc-55">
         <name>.debug_info</name>
         <load_address>0x10cf6</load_address>
         <run_address>0x10cf6</run_address>
         <size>0x19b</size>
         <input_file_ref idref="fl-2b"/>
      </object_component>
      <object_component id="oc-187">
         <name>.debug_info</name>
         <load_address>0x10e91</load_address>
         <run_address>0x10e91</run_address>
         <size>0x14d</size>
         <input_file_ref idref="fl-2c"/>
      </object_component>
      <object_component id="oc-2a5">
         <name>.debug_info</name>
         <load_address>0x10fde</load_address>
         <run_address>0x10fde</run_address>
         <size>0x1bf</size>
         <input_file_ref idref="fl-2d"/>
      </object_component>
      <object_component id="oc-5b">
         <name>.debug_info</name>
         <load_address>0x1119d</load_address>
         <run_address>0x1119d</run_address>
         <size>0x1b6</size>
         <input_file_ref idref="fl-2e"/>
      </object_component>
      <object_component id="oc-1a">
         <name>.debug_info</name>
         <load_address>0x11353</load_address>
         <run_address>0x11353</run_address>
         <size>0x1b7</size>
         <input_file_ref idref="fl-2f"/>
      </object_component>
      <object_component id="oc-15">
         <name>.debug_info</name>
         <load_address>0x1150a</load_address>
         <run_address>0x1150a</run_address>
         <size>0x219</size>
         <input_file_ref idref="fl-30"/>
      </object_component>
      <object_component id="oc-2d6">
         <name>.debug_info</name>
         <load_address>0x11723</load_address>
         <run_address>0x11723</run_address>
         <size>0x19e</size>
         <input_file_ref idref="fl-31"/>
      </object_component>
      <object_component id="oc-191">
         <name>.debug_info</name>
         <load_address>0x118c1</load_address>
         <run_address>0x118c1</run_address>
         <size>0x1a9</size>
         <input_file_ref idref="fl-31"/>
      </object_component>
      <object_component id="oc-2d9">
         <name>.debug_info</name>
         <load_address>0x11a6a</load_address>
         <run_address>0x11a6a</run_address>
         <size>0x107</size>
         <input_file_ref idref="fl-32"/>
      </object_component>
      <object_component id="oc-3c0">
         <name>.debug_info</name>
         <load_address>0x11b71</load_address>
         <run_address>0x11b71</run_address>
         <size>0x10b</size>
         <input_file_ref idref="fl-32"/>
      </object_component>
      <object_component id="oc-38d">
         <name>.debug_info</name>
         <load_address>0x11c7c</load_address>
         <run_address>0x11c7c</run_address>
         <size>0x203</size>
         <input_file_ref idref="fl-32"/>
      </object_component>
      <object_component id="oc-18e">
         <name>.debug_info</name>
         <load_address>0x11e7f</load_address>
         <run_address>0x11e7f</run_address>
         <size>0x15d</size>
         <input_file_ref idref="fl-33"/>
      </object_component>
      <object_component id="oc-372">
         <name>.debug_info</name>
         <load_address>0x11fdc</load_address>
         <run_address>0x11fdc</run_address>
         <size>0x147</size>
         <input_file_ref idref="fl-36"/>
      </object_component>
      <object_component id="oc-3fe">
         <name>.debug_info</name>
         <load_address>0x12123</load_address>
         <run_address>0x12123</run_address>
         <size>0xb0</size>
      </object_component>
      <object_component id="oc-96">
         <name>.debug_line</name>
         <load_address>0x0</load_address>
         <run_address>0x0</run_address>
         <size>0x77d</size>
         <input_file_ref idref="fl-3"/>
      </object_component>
      <object_component id="oc-29b">
         <name>.debug_line</name>
         <load_address>0x77d</load_address>
         <run_address>0x77d</run_address>
         <size>0xf6</size>
         <input_file_ref idref="fl-3"/>
      </object_component>
      <object_component id="oc-f1">
         <name>.debug_line</name>
         <load_address>0x873</load_address>
         <run_address>0x873</run_address>
         <size>0x32</size>
         <input_file_ref idref="fl-6"/>
      </object_component>
      <object_component id="oc-f3">
         <name>.debug_line</name>
         <load_address>0x8a5</load_address>
         <run_address>0x8a5</run_address>
         <size>0x32</size>
         <input_file_ref idref="fl-6"/>
      </object_component>
      <object_component id="oc-c0">
         <name>.debug_line</name>
         <load_address>0x8d7</load_address>
         <run_address>0x8d7</run_address>
         <size>0x32</size>
         <input_file_ref idref="fl-6"/>
      </object_component>
      <object_component id="oc-31">
         <name>.debug_line</name>
         <load_address>0x909</load_address>
         <run_address>0x909</run_address>
         <size>0xdf</size>
         <input_file_ref idref="fl-6"/>
      </object_component>
      <object_component id="oc-35">
         <name>.debug_line</name>
         <load_address>0x9e8</load_address>
         <run_address>0x9e8</run_address>
         <size>0x68</size>
         <input_file_ref idref="fl-6"/>
      </object_component>
      <object_component id="oc-176">
         <name>.debug_line</name>
         <load_address>0xa50</load_address>
         <run_address>0xa50</run_address>
         <size>0x21</size>
         <input_file_ref idref="fl-6"/>
      </object_component>
      <object_component id="oc-8c">
         <name>.debug_line</name>
         <load_address>0xa71</load_address>
         <run_address>0xa71</run_address>
         <size>0x2ea</size>
         <input_file_ref idref="fl-8"/>
      </object_component>
      <object_component id="oc-265">
         <name>.debug_line</name>
         <load_address>0xd5b</load_address>
         <run_address>0xd5b</run_address>
         <size>0x6a</size>
         <input_file_ref idref="fl-8"/>
      </object_component>
      <object_component id="oc-21">
         <name>.debug_line</name>
         <load_address>0xdc5</load_address>
         <run_address>0xdc5</run_address>
         <size>0x55</size>
         <input_file_ref idref="fl-9"/>
      </object_component>
[...]
         <usage_details>
            <allocated_space>
               <start_address>0x400</start_address>
               <size>0x100</size>
               <logical_group_ref idref="lg-7"/>
            </allocated_space>
            <available_space>
               <start_address>0x500</start_address>
               <size>0x2f8</size>
            </available_space>
         </usage_details>
      </memory_area>
      <memory_area display="yes" color="green">
         <name>RAMLS5</name>
         <page_id>0x1</page_id>
         <origin>0xa800</origin>
         <length>0x800</length>
         <used_space>0x16</used_space>
         <unused_space>0x7ea</unused_space>
         <attributes>RWIX</attributes>
         <usage_details>
            <allocated_space>
               <start_address>0xa800</start_address>
               <size>0xe</size>
               <logical_group_ref idref="lg-c"/>
            </allocated_space>
            <allocated_space>
               <start_address>0xa80e</start_address>
               <size>0x8</size>
               <logical_group_ref idref="lg-9"/>
            </allocated_space>
            <available_space>
               <start_address>0xa816</start_address>
               <size>0x7ea</size>
            </available_space>
         </usage_details>
      </memory_area>
      <memory_area display="yes" color="green">
         <name>RAMLS6</name>
         <page_id>0x1</page_id>
         <origin>0xb000</origin>
         <length>0x800</length>
         <used_space>0x0</used_space>
         <unused_space>0x800</unused_space>
         <attributes>RWIX</attributes>
         <usage_details>
         </usage_details>
      </memory_area>
      <memory_area display="yes" color="green">
         <name>RAMLS7</name>
         <page_id>0x1</page_id>
         <origin>0xb800</origin>
         <length>0x800</length>
         <used_space>0x0</used_space>
         <unused_space>0x800</unused_space>
         <attributes>RWIX</attributes>
         <usage_details>
         </usage_details>
      </memory_area>
      <memory_area display="yes" color="green">
         <name>RAMGS0</name>
         <page_id>0x1</page_id>
         <origin>0xc000</origin>
         <length>0x2000</length>
         <used_space>0x0</used_space>
         <unused_space>0x2000</unused_space>
         <attributes>RWIX</attributes>
         <usage_details>
         </usage_details>
      </memory_area>
      <memory_area display="yes" color="green">
         <name>RAMGS1</name>
         <page_id>0x1</page_id>
         <origin>0xe000</origin>
         <length>0x2000</length>
         <used_space>0x0</used_space>
         <unused_space>0x2000</unused_space>
         <attributes>RWIX</attributes>
         <usage_details>
         </usage_details>
      </memory_area>
      <memory_area display="yes" color="green">
         <name>RAMGS2</name>
         <page_id>0x1</page_id>
         <origin>0x10000</origin>
         <length>0x2000</length>
         <used_space>0x0</used_space>
         <unused_space>0x2000</unused_space>
         <attributes>RWIX</attributes>
         <usage_details>
         </usage_details>
      </memory_area>
      <memory_area display="yes" color="green">
         <name>RAMGS3</name>
         <page_id>0x1</page_id>
         <origin>0x12000</origin>
         <length>0x1ff8</length>
         <used_space>0x0</used_space>
         <unused_space>0x1ff8</unused_space>
         <attributes>RWIX</attributes>
         <usage_details>
         </usage_details>
      </memory_area>
   </placement_map>
   <cptbl_list>
      <cptbl>
         <name>__TI_cinit_table</name>
         <cprec>
            <name>.data</name>
            <load_address>0x8112c</load_address>
            <load_size>0x9</load_size>
            <run_address>0xa800</run_address>
            <run_size>0xe</run_size>
            <compression>lzss</compression>
         </cprec>
         <cprec>
            <name>.bss</name>
            <load_address>0x8113c</load_address>
            <load_size>0x4</load_size>
            <run_address>0xa80e</run_address>
            <run_size>0x8</run_size>
            <compression>zero_init</compression>
         </cprec>
      </cptbl>
   </cptbl_list>
   <handler_table>
      <handler_table_name>__TI_handler_table</handler_table_name>
      <handler>
         <index>0x0</index>
         <name>__TI_zero_init</name>
      </handler>
      <handler>
         <index>0x1</index>
         <name>__TI_decompress_lzss</name>
      </handler>
      <handler>
         <index>0x2</index>
         <name>__TI_decompress_none</name>
      </handler>
   </handler_table>
   <symbol_table>
      <symbol id="sm-1">
         <name>RamfuncsLoadStart</name>
         <value>0x81000</value>
      </symbol>
      <symbol id="sm-2">
         <name>RamfuncsLoadSize</name>
         <value>0x129</value>
      </symbol>
      <symbol id="sm-3">
         <name>RamfuncsLoadEnd</name>
         <value>0x81129</value>
      </symbol>
      <symbol id="sm-4">
         <name>RamfuncsRunStart</name>
         <value>0x8000</value>
      </symbol>
      <symbol id="sm-5">
         <name>RamfuncsRunSize</name>
         <value>0x129</value>
      </symbol>
      <symbol id="sm-6">
         <name>RamfuncsRunEnd</name>
         <value>0x8129</value>
      </symbol>
      <symbol id="sm-7">
         <name>__TI_CINIT_Base</name>
         <value>0x81140</value>
      </symbol>
      <symbol id="sm-8">
         <name>__TI_CINIT_Limit</name>
         <value>0x81148</value>
      </symbol>
      <symbol id="sm-9">
         <name>__TI_CINIT_Warm</name>
         <value>0x81148</value>
      </symbol>
      <symbol id="sm-a">
         <name>__TI_Handler_Table_Base</name>
         <value>0x81136</value>
      </symbol>
      <symbol id="sm-b">
         <name>__TI_Handler_Table_Limit</name>
         <value>0x8113c</value>
      </symbol>
      <symbol id="sm-c">
         <name>__TI_STACK_SIZE</name>
         <value>0x100</value>
      </symbol>
      <symbol id="sm-d">
         <name>__TI_STACK_END</name>
         <value>0x500</value>
      </symbol>
      <symbol id="sm-e">
         <name>__TI_pprof_out_hndl</name>
         <value>0xffffffff</value>
      </symbol>
      <symbol id="sm-f">
         <name>__TI_prof_data_start</name>
         <value>0xffffffff</value>
      </symbol>
      <symbol id="sm-10">
         <name>__TI_prof_data_size</name>
         <value>0xffffffff</value>
      </symbol>
      <symbol id="sm-8f">
         <name>I2C_init</name>
         <value>0x824a3</value>
         <object_component_ref idref="oc-94"/>
      </symbol>
      <symbol id="sm-90">
         <name>INTERRUPT_init</name>
         <value>0x824fc</value>
         <object_component_ref idref="oc-94"/>
      </symbol>
      <symbol id="sm-91">
         <name>PinMux_init</name>
         <value>0x823e1</value>
         <object_component_ref idref="oc-94"/>
      </symbol>
      <symbol id="sm-92">
         <name>SCI_init</name>
         <value>0x82515</value>
         <object_component_ref idref="oc-94"/>
      </symbol>
      <symbol id="sm-93">
         <name>Board_init</name>
         <value>0x823d0</value>
         <object_component_ref idref="oc-94"/>
      </symbol>
      <symbol id="sm-94">
         <name>myI2C0_init</name>
         <value>0x824a6</value>
         <object_component_ref idref="oc-94"/>
      </symbol>
      <symbol id="sm-95">
         <name>GPIO_init</name>
         <value>0x82476</value>
         <object_component_ref idref="oc-94"/>
      </symbol>
      <symbol id="sm-96">
         <name>ADC_init</name>
         <value>0x82424</value>
         <object_component_ref idref="oc-94"/>
      </symbol>
      <symbol id="sm-97">
         <name>myADC0_init</name>
         <value>0x82427</value>
         <object_component_ref idref="oc-94"/>
      </symbol>
      <symbol id="sm-98">
         <name>myGPIO1_init</name>
         <value>0x8248f</value>
         <object_component_ref idref="oc-94"/>
      </symbol>
      <symbol id="sm-99">
         <name>myGPIO0_init</name>
         <value>0x8247b</value>
         <object_component_ref idref="oc-94"/>
      </symbol>
      <symbol id="sm-9a">
         <name>mySCI0_init</name>
         <value>0x82518</value>
         <object_component_ref idref="oc-94"/>
      </symbol>
      <symbol id="sm-9b">
         <name>ASYSCTL_init</name>
         <value>0x82470</value>
         <object_component_ref idref="oc-94"/>
      </symbol>
      <symbol id="sm-cc">
         <name>messageReceived</name>
         <value>0xa807</value>
         <object_component_ref idref="oc-85"/>
      </symbol>
      <symbol id="sm-cd">
         <name>i</name>
         <value>0xa815</value>
         <object_component_ref idref="oc-82"/>
      </symbol>
      <symbol id="sm-ce">
         <name>result</name>
         <value>0xa808</value>
         <object_component_ref idref="oc-85"/>
      </symbol>
      <symbol id="sm-cf">
         <name>rxIndex</name>
         <value>0xa806</value>
         <object_component_ref idref="oc-85"/>
      </symbol>
      <symbol id="sm-d0">
         <name>main</name>
         <value>0x8308a</value>
         <object_component_ref idref="oc-2c"/>
      </symbol>
      <symbol id="sm-d1">
         <name>rxBuffer</name>
         <value>0xa80e</value>
         <object_component_ref idref="oc-6c"/>
      </symbol>
      <symbol id="sm-d2">
         <name>sciARxHandler</name>
         <value>0x82ac9</value>
         <object_component_ref idref="oc-2b"/>
      </symbol>
      <symbol id="sm-d3">
         <name>checksum</name>
         <value>0xa814</value>
         <object_component_ref idref="oc-82"/>
      </symbol>
      <symbol id="sm-f5">
         <name>Device_enableAllPeripherals</name>
         <value>0x82648</value>
         <object_component_ref idref="oc-88"/>
      </symbol>
      <symbol id="sm-f6">
         <name>Device_verifyXTAL</name>
         <value>0x82738</value>
         <object_component_ref idref="oc-88"/>
      </symbol>
      <symbol id="sm-f7">
         <name>Device_initGPIO</name>
         <value>0x82728</value>
         <object_component_ref idref="oc-88"/>
      </symbol>
      <symbol id="sm-f8">
         <name>Device_init</name>
         <value>0x825e6</value>
         <object_component_ref idref="oc-88"/>
      </symbol>
      <symbol id="sm-f9">
         <name>__error__</name>
         <value>0x8276b</value>
         <object_component_ref idref="oc-88"/>
      </symbol>
      <symbol id="sm-108">
         <name>code_start</name>
         <value>0x80000</value>
         <object_component_ref idref="oc-20"/>
      </symbol>
      <symbol id="sm-134">
         <name>ADC_setOffsetTrimAll</name>
         <value>0x83268</value>
         <object_component_ref idref="oc-271"/>
      </symbol>
      <symbol id="sm-135">
         <name>ADC_setVREF</name>
         <value>0x82d8f</value>
         <object_component_ref idref="oc-13c"/>
      </symbol>
      <symbol id="sm-1e0">
         <name>DCC_verifyClockFrequency</name>
         <value>0x82772</value>
         <object_component_ref idref="oc-120"/>
      </symbol>
      <symbol id="sm-250">
         <name>Flash_initModule</name>
         <value>0x8000</value>
         <object_component_ref idref="oc-f6"/>
      </symbol>
      <symbol id="sm-29e">
         <name>GPIO_setQualificationMode</name>
         <value>0x8311b</value>
         <object_component_ref idref="oc-136"/>
      </symbol>
      <symbol id="sm-29f">
         <name>GPIO_setPadConfig</name>
         <value>0x82cef</value>
         <object_component_ref idref="oc-10e"/>
      </symbol>
      <symbol id="sm-2a0">
         <name>GPIO_setAnalogMode</name>
         <value>0x8303b</value>
         <object_component_ref idref="oc-11a"/>
      </symbol>
      <symbol id="sm-2a1">
         <name>GPIO_setDirectionMode</name>
         <value>0x83189</value>
         <object_component_ref idref="oc-114"/>
      </symbol>
      <symbol id="sm-2a2">
         <name>GPIO_setPinConfig</name>
         <value>0x830e4</value>
         <object_component_ref idref="oc-130"/>
      </symbol>
      <symbol id="sm-2a3">
         <name>GPIO_setControllerCore</name>
         <value>0x830ad</value>
         <object_component_ref idref="oc-142"/>
      </symbol>
      <symbol id="sm-2da">
         <name>I2C_clearInterruptStatus</name>
         <value>0x832fd</value>
         <object_component_ref idref="oc-14e"/>
      </symbol>
      <symbol id="sm-2db">
         <name>I2C_initController</name>
         <value>0x82c2d</value>
         <object_component_ref idref="oc-148"/>
      </symbol>
      <symbol id="sm-2dc">
         <name>I2C_enableInterrupt</name>
         <value>0x83215</value>
         <object_component_ref idref="oc-154"/>
      </symbol>
      <symbol id="sm-355">
         <name>Interrupt_defaultHandler</name>
         <value>0x83541</value>
         <object_component_ref idref="oc-37"/>
      </symbol>
      <symbol id="sm-356">
         <name>Interrupt_disable</name>
         <value>0x82d41</value>
         <object_component_ref idref="oc-15a"/>
      </symbol>
      <symbol id="sm-357">
         <name>Interrupt_initModule</name>
         <value>0x82fb1</value>
         <object_component_ref idref="oc-8e"/>
      </symbol>
      <symbol id="sm-358">
         <name>Interrupt_nmiHandler</name>
         <value>0x83738</value>
         <object_component_ref idref="oc-49"/>
      </symbol>
      <symbol id="sm-359">
         <name>Interrupt_enable</name>
         <value>0x83152</value>
         <object_component_ref idref="oc-9a"/>
      </symbol>
      <symbol id="sm-35a">
         <name>Interrupt_initVectorTable</name>
         <value>0x8337b</value>
         <object_component_ref idref="oc-3d"/>
      </symbol>
      <symbol id="sm-35b">
         <name>Interrupt_illegalOperationHandler</name>
         <value>0x8372e</value>
         <object_component_ref idref="oc-43"/>
      </symbol>
      <symbol id="sm-3fa">
         <name>SCI_readCharArray</name>
         <value>0x83000</value>
         <object_component_ref idref="oc-6f"/>
      </symbol>
      <symbol id="sm-3fb">
         <name>SCI_clearInterruptStatus</name>
         <value>0x82e24</value>
         <object_component_ref idref="oc-7c"/>
      </symbol>
      <symbol id="sm-3fc">
         <name>SCI_writeCharArray</name>
         <value>0x82ef2</value>
         <object_component_ref idref="oc-76"/>
      </symbol>
      <symbol id="sm-3fd">
         <name>SCI_setConfig</name>
         <value>0x82f73</value>
         <object_component_ref idref="oc-160"/>
      </symbol>
      <symbol id="sm-3fe">
         <name>SCI_enableInterrupt</name>
         <value>0x82eae</value>
         <object_component_ref idref="oc-166"/>
      </symbol>
      <symbol id="sm-512">
         <name>SysCtl_isPLLValid</name>
         <value>0x82905</value>
         <object_component_ref idref="oc-1ed"/>
      </symbol>
      <symbol id="sm-513">
         <name>SysCtl_delay</name>
         <value>0x8125</value>
         <object_component_ref idref="oc-f5"/>
      </symbol>
      <symbol id="sm-514">
         <name>SysCtl_selectXTALSingleEnded</name>
         <value>0x83290</value>
         <object_component_ref idref="oc-2f1"/>
      </symbol>
      <symbol id="sm-515">
         <name>SysCtl_selectXTAL</name>
         <value>0x82f33</value>
         <object_component_ref idref="oc-2eb"/>
      </symbol>
      <symbol id="sm-516">
         <name>SysCtl_selectOscSource</name>
         <value>0x82ddb</value>
         <object_component_ref idref="oc-1e7"/>
      </symbol>
      <symbol id="sm-517">
         <name>SysCtl_getLowSpeedClock</name>
         <value>0x8345a</value>
         <object_component_ref idref="oc-108"/>
      </symbol>
      <symbol id="sm-518">
         <name>SysCtl_setClock</name>
         <value>0x8283d</value>
         <object_component_ref idref="oc-fc"/>
      </symbol>
      <symbol id="sm-519">
         <name>SysCtl_getClock</name>
         <value>0x82c91</value>
         <object_component_ref idref="oc-102"/>
      </symbol>
      <symbol id="sm-523">
         <name>_c_int00</name>
         <value>0x834d2</value>
         <object_component_ref idref="oc-b9"/>
      </symbol>
      <symbol id="sm-524">
         <name>__stack</name>
         <value>0x400</value>
         <object_component_ref idref="oc-4f"/>
      </symbol>
      <symbol id="sm-532">
         <name>__c28xabi_divf</name>
         <value>0x829c2</value>
         <object_component_ref idref="oc-209"/>
      </symbol>
      <symbol id="sm-547">
         <name>memcpy</name>
         <value>0x83399</value>
         <object_component_ref idref="oc-52"/>
      </symbol>
      <symbol id="sm-554">
         <name>_system_pre_init</name>
         <value>0x82ffe</value>
         <object_component_ref idref="oc-183"/>
      </symbol>
      <symbol id="sm-563">
         <name>__TI_auto_init_nobinit_nopinit</name>
         <value>0x831ea</value>
         <object_component_ref idref="oc-2a3"/>
      </symbol>
      <symbol id="sm-572">
         <name>__TI_zero_init_nomemset</name>
         <value>0x8370a</value>
         <object_component_ref idref="oc-5a"/>
      </symbol>
      <symbol id="sm-57f">
         <name>__TI_decompress_none</name>
         <value>0x8374b</value>
         <object_component_ref idref="oc-19"/>
      </symbol>
      <symbol id="sm-593">
         <name>__TI_decompress_lzss</name>
         <value>0x831ba</value>
         <object_component_ref idref="oc-13"/>
      </symbol>
      <symbol id="sm-5a9">
         <name>C$$EXIT</name>
         <value>0x8323f</value>
         <object_component_ref idref="oc-190"/>
      </symbol>
      <symbol id="sm-5aa">
         <name>abort</name>
         <value>0x8323f</value>
         <object_component_ref idref="oc-190"/>
      </symbol>
      <symbol id="sm-5ab">
         <name>exit</name>
         <value>0x83241</value>
         <object_component_ref idref="oc-190"/>
      </symbol>
      <symbol id="sm-5ac">
         <name>__TI_dtors_ptr</name>
         <value>0xa804</value>
         <object_component_ref idref="oc-2d5"/>
      </symbol>
      <symbol id="sm-5ad">
         <name>__TI_cleanup_ptr</name>
         <value>0xa802</value>
         <object_component_ref idref="oc-2d5"/>
      </symbol>
      <symbol id="sm-5ae">
         <name>__TI_enable_exit_profile_output</name>
         <value>0xa800</value>
         <object_component_ref idref="oc-2d5"/>
      </symbol>
      <symbol id="sm-5c5">
         <name>_nop</name>
         <value>0x8374a</value>
         <object_component_ref idref="oc-38b"/>
      </symbol>
      <symbol id="sm-5c6">
         <name>_lock</name>
         <value>0xa80a</value>
         <object_component_ref idref="oc-2d8"/>
      </symbol>
      <symbol id="sm-5c7">
         <name>_unlock</name>
         <value>0xa80c</value>
         <object_component_ref idref="oc-3bf"/>
      </symbol>
      <symbol id="sm-5c8">
         <name>_register_lock</name>
         <value>0x83746</value>
         <object_component_ref idref="oc-38b"/>
      </symbol>
      <symbol id="sm-5c9">
         <name>_register_unlock</name>
         <value>0x83742</value>
         <object_component_ref idref="oc-38b"/>
      </symbol>
      <symbol id="sm-5d8">
         <name>_args_main</name>
         <value>0x83717</value>
         <object_component_ref idref="oc-18a"/>
      </symbol>
      <symbol id="sm-5e7">
         <name>_system_post_cinit</name>
         <value>0x83762</value>
         <object_component_ref idref="oc-371"/>
      </symbol>
      <symbol id="sm-5e9">
         <name>INT_myI2C0_ISR</name>
         <value>0x0</value>
      </symbol>
      <symbol id="sm-5ea">
         <name>INT_myI2C0_FIFO_ISR</name>
         <value>0x0</value>
      </symbol>
      <symbol id="sm-5eb">
         <name>__c_args__</name>
         <value>0x0</value>
      </symbol>
   </symbol_table>
   <title>Link errors: red sections failed placement</title>
</link_info>
